TimeQuest Timing Analyzer report for somadores
Wed Jun 27 23:00:19 2018
Quartus II 64-Bit Version 13.0.1 Build 232 06/12/2013 Service Pack 1 SJ Web Edition


---------------------
; Table of Contents ;
---------------------
  1. Legal Notice
  2. TimeQuest Timing Analyzer Summary
  3. Parallel Compilation
  4. Clocks
  5. Slow 1200mV 85C Model Fmax Summary
  6. Timing Closure Recommendations
  7. Slow 1200mV 85C Model Setup Summary
  8. Slow 1200mV 85C Model Hold Summary
  9. Slow 1200mV 85C Model Recovery Summary
 10. Slow 1200mV 85C Model Removal Summary
 11. Slow 1200mV 85C Model Minimum Pulse Width Summary
 12. Propagation Delay
 13. Minimum Propagation Delay
 14. Slow 1200mV 85C Model Metastability Report
 15. Slow 1200mV 0C Model Fmax Summary
 16. Slow 1200mV 0C Model Setup Summary
 17. Slow 1200mV 0C Model Hold Summary
 18. Slow 1200mV 0C Model Recovery Summary
 19. Slow 1200mV 0C Model Removal Summary
 20. Slow 1200mV 0C Model Minimum Pulse Width Summary
 21. Propagation Delay
 22. Minimum Propagation Delay
 23. Slow 1200mV 0C Model Metastability Report
 24. Fast 1200mV 0C Model Setup Summary
 25. Fast 1200mV 0C Model Hold Summary
 26. Fast 1200mV 0C Model Recovery Summary
 27. Fast 1200mV 0C Model Removal Summary
 28. Fast 1200mV 0C Model Minimum Pulse Width Summary
 29. Propagation Delay
 30. Minimum Propagation Delay
 31. Fast 1200mV 0C Model Metastability Report
 32. Multicorner Timing Analysis Summary
 33. Progagation Delay
 34. Minimum Progagation Delay
 35. Board Trace Model Assignments
 36. Input Transition Times
 37. Slow Corner Signal Integrity Metrics
 38. Fast Corner Signal Integrity Metrics
 39. Clock Transfers
 40. Report TCCS
 41. Report RSKM
 42. Unconstrained Paths
 43. TimeQuest Timing Analyzer Messages



----------------
; Legal Notice ;
----------------
Copyright (C) 1991-2013 Altera Corporation
Your use of Altera Corporation's design tools, logic functions 
and other software and tools, and its AMPP partner logic 
functions, and any output files from any of the foregoing 
(including device programming or simulation files), and any 
associated documentation or information are expressly subject 
to the terms and conditions of the Altera Program License 
Subscription Agreement, Altera MegaCore Function License 
Agreement, or other applicable license agreement, including, 
without limitation, that your use is for the sole purpose of 
programming logic devices manufactured by Altera and sold by 
Altera or its authorized distributors.  Please refer to the 
applicable agreement for further details.



+----------------------------------------------------------------------------------------+
; TimeQuest Timing Analyzer Summary                                                      ;
+--------------------+-------------------------------------------------------------------+
; Quartus II Version ; Version 13.0.1 Build 232 06/12/2013 Service Pack 1 SJ Web Edition ;
; Revision Name      ; somadores                                                         ;
; Device Family      ; Cyclone III                                                       ;
; Device Name        ; EP3C5F256C6                                                       ;
; Timing Models      ; Final                                                             ;
; Delay Model        ; Combined                                                          ;
; Rise/Fall Delays   ; Enabled                                                           ;
+--------------------+-------------------------------------------------------------------+


Parallel compilation was disabled, but you have multiple processors available. Enable parallel compilation to reduce compilation time.
+-------------------------------------+
; Parallel Compilation                ;
+----------------------------+--------+
; Processors                 ; Number ;
+----------------------------+--------+
; Number detected on machine ; 4      ;
; Maximum allowed            ; 1      ;
+----------------------------+--------+


----------
; Clocks ;
----------
No clocks to report.


--------------------------------------
; Slow 1200mV 85C Model Fmax Summary ;
--------------------------------------
No paths to report.


----------------------------------
; Timing Closure Recommendations ;
----------------------------------
HTML report is unavailable in plain text report export.


---------------------------------------
; Slow 1200mV 85C Model Setup Summary ;
---------------------------------------
No paths to report.


--------------------------------------
; Slow 1200mV 85C Model Hold Summary ;
--------------------------------------
No paths to report.


------------------------------------------
; Slow 1200mV 85C Model Recovery Summary ;
------------------------------------------
No paths to report.


-----------------------------------------
; Slow 1200mV 85C Model Removal Summary ;
-----------------------------------------
No paths to report.


-----------------------------------------------------
; Slow 1200mV 85C Model Minimum Pulse Width Summary ;
-----------------------------------------------------
No paths to report.


+------------------------------------------------------------+
; Propagation Delay                                          ;
+------------+-------------+-------+-------+--------+--------+
; Input Port ; Output Port ; RR    ; RF    ; FR     ; FF     ;
+------------+-------------+-------+-------+--------+--------+
; carry_in   ; carry_out   ; 9.730 ; 9.694 ; 10.188 ; 10.152 ;
; carry_in   ; result[0]   ; 6.745 ;       ;        ; 7.202  ;
; carry_in   ; result[1]   ; 7.445 ; 7.469 ; 7.947  ; 7.914  ;
; carry_in   ; result[2]   ; 7.588 ; 7.604 ; 8.037  ; 8.062  ;
; carry_in   ; result[3]   ; 7.605 ; 7.626 ; 8.061  ; 8.084  ;
; carry_in   ; result[4]   ; 8.325 ; 8.329 ; 8.783  ; 8.787  ;
; carry_in   ; result[5]   ; 9.312 ; 9.345 ; 9.770  ; 9.803  ;
; carry_in   ; result[6]   ; 9.414 ; 9.404 ; 9.872  ; 9.862  ;
; carry_in   ; result[7]   ; 9.660 ; 9.652 ; 10.118 ; 10.110 ;
; x[0]       ; carry_out   ; 9.737 ; 9.701 ; 10.175 ; 10.139 ;
; x[0]       ; result[0]   ; 6.754 ;       ;        ; 7.203  ;
; x[0]       ; result[1]   ; 7.455 ; 7.476 ; 7.934  ; 7.911  ;
; x[0]       ; result[2]   ; 7.595 ; 7.611 ; 8.030  ; 8.049  ;
; x[0]       ; result[3]   ; 7.612 ; 7.633 ; 8.048  ; 8.071  ;
; x[0]       ; result[4]   ; 8.332 ; 8.336 ; 8.770  ; 8.774  ;
; x[0]       ; result[5]   ; 9.319 ; 9.352 ; 9.757  ; 9.790  ;
; x[0]       ; result[6]   ; 9.421 ; 9.411 ; 9.859  ; 9.849  ;
; x[0]       ; result[7]   ; 9.667 ; 9.659 ; 10.105 ; 10.097 ;
; x[1]       ; carry_out   ; 6.756 ; 6.720 ; 6.940  ; 6.904  ;
; x[1]       ; result[1]   ; 4.525 ;       ;        ; 4.686  ;
; x[1]       ; result[2]   ; 4.607 ; 4.630 ; 4.759  ; 4.814  ;
; x[1]       ; result[3]   ; 4.629 ; 4.652 ; 4.813  ; 4.836  ;
; x[1]       ; result[4]   ; 5.351 ; 5.355 ; 5.535  ; 5.539  ;
; x[1]       ; result[5]   ; 6.338 ; 6.371 ; 6.522  ; 6.555  ;
; x[1]       ; result[6]   ; 6.440 ; 6.430 ; 6.624  ; 6.614  ;
; x[1]       ; result[7]   ; 6.686 ; 6.678 ; 6.870  ; 6.862  ;
; x[2]       ; carry_out   ; 8.350 ; 8.314 ; 8.749  ; 8.713  ;
; x[2]       ; result[2]   ; 6.239 ;       ;        ; 6.628  ;
; x[2]       ; result[3]   ; 6.253 ; 6.246 ; 6.660  ; 6.644  ;
; x[2]       ; result[4]   ; 6.945 ; 6.949 ; 7.343  ; 7.348  ;
; x[2]       ; result[5]   ; 7.932 ; 7.965 ; 8.330  ; 8.364  ;
; x[2]       ; result[6]   ; 8.034 ; 8.024 ; 8.433  ; 8.423  ;
; x[2]       ; result[7]   ; 8.280 ; 8.272 ; 8.679  ; 8.671  ;
; x[3]       ; carry_out   ; 8.144 ; 8.108 ; 8.560  ; 8.524  ;
; x[3]       ; result[3]   ; 6.059 ;       ;        ; 6.456  ;
; x[3]       ; result[4]   ; 6.732 ; 6.743 ; 7.116  ; 7.159  ;
; x[3]       ; result[5]   ; 7.723 ; 7.759 ; 8.139  ; 8.175  ;
; x[3]       ; result[6]   ; 7.828 ; 7.818 ; 8.244  ; 8.234  ;
; x[3]       ; result[7]   ; 8.074 ; 8.066 ; 8.490  ; 8.482  ;
; x[4]       ; carry_out   ; 7.885 ; 7.849 ; 8.310  ; 8.274  ;
; x[4]       ; result[4]   ; 6.462 ;       ;        ; 6.916  ;
; x[4]       ; result[5]   ; 7.459 ; 7.500 ; 7.928  ; 7.912  ;
; x[4]       ; result[6]   ; 7.569 ; 7.559 ; 7.985  ; 7.984  ;
; x[4]       ; result[7]   ; 7.815 ; 7.807 ; 8.240  ; 8.232  ;
; x[5]       ; carry_out   ; 7.952 ; 7.916 ; 8.343  ; 8.307  ;
; x[5]       ; result[5]   ; 7.522 ;       ;        ; 7.964  ;
; x[5]       ; result[6]   ; 7.592 ; 7.626 ; 8.027  ; 8.004  ;
; x[5]       ; result[7]   ; 7.882 ; 7.874 ; 8.264  ; 8.265  ;
; x[6]       ; carry_out   ; 7.254 ; 7.218 ; 7.694  ; 7.658  ;
; x[6]       ; result[6]   ; 6.898 ;       ;        ; 7.345  ;
; x[6]       ; result[7]   ; 7.151 ; 7.176 ; 7.594  ; 7.616  ;
; x[7]       ; carry_out   ; 6.707 ; 6.678 ; 7.098  ; 7.101  ;
; x[7]       ; result[7]   ; 6.646 ;       ;        ; 7.059  ;
; y[0]       ; carry_out   ; 9.493 ; 9.457 ; 9.888  ; 9.852  ;
; y[0]       ; result[0]   ; 6.592 ;       ;        ; 6.980  ;
; y[0]       ; result[1]   ; 7.243 ; 7.232 ; 7.647  ; 7.627  ;
; y[0]       ; result[2]   ; 7.351 ; 7.367 ; 7.746  ; 7.762  ;
; y[0]       ; result[3]   ; 7.368 ; 7.389 ; 7.763  ; 7.784  ;
; y[0]       ; result[4]   ; 8.088 ; 8.092 ; 8.483  ; 8.487  ;
; y[0]       ; result[5]   ; 9.075 ; 9.108 ; 9.470  ; 9.503  ;
; y[0]       ; result[6]   ; 9.177 ; 9.167 ; 9.572  ; 9.562  ;
; y[0]       ; result[7]   ; 9.423 ; 9.415 ; 9.818  ; 9.810  ;
; y[1]       ; carry_out   ; 6.979 ; 6.943 ; 7.150  ; 7.114  ;
; y[1]       ; result[1]   ; 4.700 ;       ;        ; 4.869  ;
; y[1]       ; result[2]   ; 4.804 ; 4.853 ; 4.978  ; 5.024  ;
; y[1]       ; result[3]   ; 4.852 ; 4.875 ; 5.023  ; 5.046  ;
; y[1]       ; result[4]   ; 5.574 ; 5.578 ; 5.745  ; 5.749  ;
; y[1]       ; result[5]   ; 6.561 ; 6.594 ; 6.732  ; 6.765  ;
; y[1]       ; result[6]   ; 6.663 ; 6.653 ; 6.834  ; 6.824  ;
; y[1]       ; result[7]   ; 6.909 ; 6.901 ; 7.080  ; 7.072  ;
; y[2]       ; carry_out   ; 8.607 ; 8.571 ; 9.066  ; 9.030  ;
; y[2]       ; result[2]   ; 6.459 ;       ;        ; 6.925  ;
; y[2]       ; result[3]   ; 6.486 ; 6.503 ; 6.948  ; 6.962  ;
; y[2]       ; result[4]   ; 7.202 ; 7.206 ; 7.661  ; 7.665  ;
; y[2]       ; result[5]   ; 8.189 ; 8.222 ; 8.648  ; 8.681  ;
; y[2]       ; result[6]   ; 8.291 ; 8.281 ; 8.750  ; 8.740  ;
; y[2]       ; result[7]   ; 8.537 ; 8.529 ; 8.996  ; 8.988  ;
; y[3]       ; carry_out   ; 8.285 ; 8.249 ; 8.699  ; 8.663  ;
; y[3]       ; result[3]   ; 6.153 ;       ;        ; 6.565  ;
; y[3]       ; result[4]   ; 6.843 ; 6.884 ; 7.271  ; 7.298  ;
; y[3]       ; result[5]   ; 7.864 ; 7.900 ; 8.278  ; 8.314  ;
; y[3]       ; result[6]   ; 7.969 ; 7.959 ; 8.383  ; 8.373  ;
; y[3]       ; result[7]   ; 8.215 ; 8.207 ; 8.629  ; 8.621  ;
; y[4]       ; carry_out   ; 7.604 ; 7.568 ; 7.996  ; 7.960  ;
; y[4]       ; result[4]   ; 6.179 ;       ;        ; 6.609  ;
; y[4]       ; result[5]   ; 7.181 ; 7.219 ; 7.614  ; 7.608  ;
; y[4]       ; result[6]   ; 7.288 ; 7.278 ; 7.677  ; 7.670  ;
; y[4]       ; result[7]   ; 7.534 ; 7.526 ; 7.926  ; 7.918  ;
; y[5]       ; carry_out   ; 7.522 ; 7.486 ; 7.926  ; 7.890  ;
; y[5]       ; result[5]   ; 7.090 ;       ;        ; 7.553  ;
; y[5]       ; result[6]   ; 7.165 ; 7.196 ; 7.610  ; 7.597  ;
; y[5]       ; result[7]   ; 7.452 ; 7.444 ; 7.853  ; 7.848  ;
; y[6]       ; carry_out   ; 7.054 ; 7.018 ; 7.500  ; 7.464  ;
; y[6]       ; result[6]   ; 6.744 ;       ;        ; 7.176  ;
; y[6]       ; result[7]   ; 6.977 ; 6.976 ; 7.391  ; 7.422  ;
; y[7]       ; carry_out   ; 6.880 ; 6.881 ; 7.331  ; 7.318  ;
; y[7]       ; result[7]   ; 6.801 ;       ;        ; 7.247  ;
+------------+-------------+-------+-------+--------+--------+


+----------------------------------------------------------+
; Minimum Propagation Delay                                ;
+------------+-------------+-------+-------+-------+-------+
; Input Port ; Output Port ; RR    ; RF    ; FR    ; FF    ;
+------------+-------------+-------+-------+-------+-------+
; carry_in   ; carry_out   ; 9.224 ; 9.197 ; 9.695 ; 9.668 ;
; carry_in   ; result[0]   ; 6.576 ;       ;       ; 7.018 ;
; carry_in   ; result[1]   ; 7.190 ; 7.202 ; 7.661 ; 7.661 ;
; carry_in   ; result[2]   ; 7.276 ; 7.299 ; 7.747 ; 7.770 ;
; carry_in   ; result[3]   ; 7.290 ; 7.281 ; 7.761 ; 7.752 ;
; carry_in   ; result[4]   ; 7.936 ; 7.948 ; 8.407 ; 8.419 ;
; carry_in   ; result[5]   ; 8.884 ; 8.887 ; 9.355 ; 9.358 ;
; carry_in   ; result[6]   ; 8.939 ; 8.936 ; 9.410 ; 9.407 ;
; carry_in   ; result[7]   ; 9.164 ; 9.163 ; 9.635 ; 9.634 ;
; x[0]       ; carry_out   ; 9.231 ; 9.204 ; 9.692 ; 9.665 ;
; x[0]       ; result[0]   ; 6.587 ;       ;       ; 7.018 ;
; x[0]       ; result[1]   ; 7.197 ; 7.206 ; 7.658 ; 7.660 ;
; x[0]       ; result[2]   ; 7.283 ; 7.306 ; 7.744 ; 7.767 ;
; x[0]       ; result[3]   ; 7.297 ; 7.288 ; 7.758 ; 7.749 ;
; x[0]       ; result[4]   ; 7.943 ; 7.955 ; 8.404 ; 8.416 ;
; x[0]       ; result[5]   ; 8.891 ; 8.894 ; 9.352 ; 9.355 ;
; x[0]       ; result[6]   ; 8.946 ; 8.943 ; 9.407 ; 9.404 ;
; x[0]       ; result[7]   ; 9.171 ; 9.170 ; 9.632 ; 9.631 ;
; x[1]       ; carry_out   ; 6.478 ; 6.451 ; 6.632 ; 6.605 ;
; x[1]       ; result[1]   ; 4.453 ;       ;       ; 4.613 ;
; x[1]       ; result[2]   ; 4.530 ; 4.551 ; 4.684 ; 4.736 ;
; x[1]       ; result[3]   ; 4.544 ; 4.535 ; 4.698 ; 4.689 ;
; x[1]       ; result[4]   ; 5.190 ; 5.202 ; 5.344 ; 5.356 ;
; x[1]       ; result[5]   ; 6.138 ; 6.141 ; 6.292 ; 6.295 ;
; x[1]       ; result[6]   ; 6.193 ; 6.190 ; 6.347 ; 6.344 ;
; x[1]       ; result[7]   ; 6.418 ; 6.417 ; 6.572 ; 6.571 ;
; x[2]       ; carry_out   ; 8.040 ; 8.013 ; 8.436 ; 8.409 ;
; x[2]       ; result[2]   ; 6.093 ;       ;       ; 6.471 ;
; x[2]       ; result[3]   ; 6.106 ; 6.099 ; 6.502 ; 6.486 ;
; x[2]       ; result[4]   ; 6.752 ; 6.764 ; 7.148 ; 7.158 ;
; x[2]       ; result[5]   ; 7.700 ; 7.703 ; 8.096 ; 8.099 ;
; x[2]       ; result[6]   ; 7.755 ; 7.752 ; 8.151 ; 8.148 ;
; x[2]       ; result[7]   ; 7.980 ; 7.979 ; 8.376 ; 8.375 ;
; x[3]       ; carry_out   ; 7.850 ; 7.823 ; 8.224 ; 8.197 ;
; x[3]       ; result[3]   ; 5.919 ;       ;       ; 6.305 ;
; x[3]       ; result[4]   ; 6.562 ; 6.572 ; 6.936 ; 6.977 ;
; x[3]       ; result[5]   ; 7.510 ; 7.513 ; 7.884 ; 7.887 ;
; x[3]       ; result[6]   ; 7.565 ; 7.562 ; 7.939 ; 7.936 ;
; x[3]       ; result[7]   ; 7.790 ; 7.789 ; 8.164 ; 8.163 ;
; x[4]       ; carry_out   ; 7.546 ; 7.519 ; 7.982 ; 7.955 ;
; x[4]       ; result[4]   ; 6.256 ;       ;       ; 6.690 ;
; x[4]       ; result[5]   ; 7.206 ; 7.234 ; 7.642 ; 7.642 ;
; x[4]       ; result[6]   ; 7.261 ; 7.258 ; 7.697 ; 7.694 ;
; x[4]       ; result[7]   ; 7.486 ; 7.485 ; 7.922 ; 7.921 ;
; x[5]       ; carry_out   ; 7.616 ; 7.589 ; 8.022 ; 7.995 ;
; x[5]       ; result[5]   ; 7.312 ;       ;       ; 7.728 ;
; x[5]       ; result[6]   ; 7.331 ; 7.353 ; 7.737 ; 7.747 ;
; x[5]       ; result[7]   ; 7.556 ; 7.555 ; 7.962 ; 7.961 ;
; x[6]       ; carry_out   ; 6.963 ; 6.936 ; 7.404 ; 7.374 ;
; x[6]       ; result[6]   ; 6.712 ;       ;       ; 7.132 ;
; x[6]       ; result[7]   ; 6.903 ; 6.929 ; 7.344 ; 7.333 ;
; x[7]       ; carry_out   ; 6.538 ; 6.509 ; 6.920 ; 6.922 ;
; x[7]       ; result[7]   ; 6.481 ;       ;       ; 6.881 ;
; y[0]       ; carry_out   ; 9.091 ; 9.064 ; 9.484 ; 9.457 ;
; y[0]       ; result[0]   ; 6.431 ;       ;       ; 6.808 ;
; y[0]       ; result[1]   ; 7.057 ; 7.044 ; 7.450 ; 7.428 ;
; y[0]       ; result[2]   ; 7.143 ; 7.166 ; 7.536 ; 7.559 ;
; y[0]       ; result[3]   ; 7.157 ; 7.148 ; 7.550 ; 7.541 ;
; y[0]       ; result[4]   ; 7.803 ; 7.815 ; 8.196 ; 8.208 ;
; y[0]       ; result[5]   ; 8.751 ; 8.754 ; 9.144 ; 9.147 ;
; y[0]       ; result[6]   ; 8.806 ; 8.803 ; 9.199 ; 9.196 ;
; y[0]       ; result[7]   ; 9.031 ; 9.030 ; 9.424 ; 9.423 ;
; y[1]       ; carry_out   ; 6.607 ; 6.580 ; 6.787 ; 6.760 ;
; y[1]       ; result[1]   ; 4.570 ;       ;       ; 4.726 ;
; y[1]       ; result[2]   ; 4.659 ; 4.709 ; 4.842 ; 4.855 ;
; y[1]       ; result[3]   ; 4.673 ; 4.664 ; 4.853 ; 4.847 ;
; y[1]       ; result[4]   ; 5.319 ; 5.331 ; 5.499 ; 5.511 ;
; y[1]       ; result[5]   ; 6.267 ; 6.270 ; 6.447 ; 6.450 ;
; y[1]       ; result[6]   ; 6.322 ; 6.319 ; 6.502 ; 6.499 ;
; y[1]       ; result[7]   ; 6.547 ; 6.546 ; 6.727 ; 6.726 ;
; y[2]       ; carry_out   ; 8.200 ; 8.173 ; 8.659 ; 8.632 ;
; y[2]       ; result[2]   ; 6.252 ;       ;       ; 6.692 ;
; y[2]       ; result[3]   ; 6.266 ; 6.286 ; 6.725 ; 6.708 ;
; y[2]       ; result[4]   ; 6.912 ; 6.924 ; 7.371 ; 7.380 ;
; y[2]       ; result[5]   ; 7.860 ; 7.863 ; 8.319 ; 8.322 ;
; y[2]       ; result[6]   ; 7.915 ; 7.912 ; 8.374 ; 8.371 ;
; y[2]       ; result[7]   ; 8.140 ; 8.139 ; 8.599 ; 8.598 ;
; y[3]       ; carry_out   ; 7.900 ; 7.873 ; 8.309 ; 8.282 ;
; y[3]       ; result[3]   ; 5.962 ;       ;       ; 6.351 ;
; y[3]       ; result[4]   ; 6.612 ; 6.649 ; 7.025 ; 7.027 ;
; y[3]       ; result[5]   ; 7.560 ; 7.563 ; 7.969 ; 7.976 ;
; y[3]       ; result[6]   ; 7.615 ; 7.612 ; 8.024 ; 8.021 ;
; y[3]       ; result[7]   ; 7.840 ; 7.839 ; 8.249 ; 8.248 ;
; y[4]       ; carry_out   ; 7.274 ; 7.247 ; 7.693 ; 7.666 ;
; y[4]       ; result[4]   ; 5.984 ;       ;       ; 6.370 ;
; y[4]       ; result[5]   ; 6.934 ; 6.960 ; 7.353 ; 7.353 ;
; y[4]       ; result[6]   ; 6.989 ; 6.986 ; 7.408 ; 7.405 ;
; y[4]       ; result[7]   ; 7.214 ; 7.213 ; 7.633 ; 7.632 ;
; y[5]       ; carry_out   ; 7.203 ; 7.176 ; 7.632 ; 7.605 ;
; y[5]       ; result[5]   ; 6.860 ;       ;       ; 7.277 ;
; y[5]       ; result[6]   ; 6.918 ; 6.937 ; 7.347 ; 7.359 ;
; y[5]       ; result[7]   ; 7.143 ; 7.142 ; 7.572 ; 7.571 ;
; y[6]       ; carry_out   ; 6.857 ; 6.830 ; 7.261 ; 7.234 ;
; y[6]       ; result[6]   ; 6.575 ;       ;       ; 6.996 ;
; y[6]       ; result[7]   ; 6.797 ; 6.794 ; 7.201 ; 7.229 ;
; y[7]       ; carry_out   ; 6.649 ; 6.647 ; 7.085 ; 7.048 ;
; y[7]       ; result[7]   ; 6.582 ;       ;       ; 7.004 ;
+------------+-------------+-------+-------+-------+-------+


----------------------------------------------
; Slow 1200mV 85C Model Metastability Report ;
----------------------------------------------
No synchronizer chains to report.


-------------------------------------
; Slow 1200mV 0C Model Fmax Summary ;
-------------------------------------
No paths to report.


--------------------------------------
; Slow 1200mV 0C Model Setup Summary ;
--------------------------------------
No paths to report.


-------------------------------------
; Slow 1200mV 0C Model Hold Summary ;
-------------------------------------
No paths to report.


-----------------------------------------
; Slow 1200mV 0C Model Recovery Summary ;
-----------------------------------------
No paths to report.


----------------------------------------
; Slow 1200mV 0C Model Removal Summary ;
----------------------------------------
No paths to report.


----------------------------------------------------
; Slow 1200mV 0C Model Minimum Pulse Width Summary ;
----------------------------------------------------
No paths to report.


+----------------------------------------------------------+
; Propagation Delay                                        ;
+------------+-------------+-------+-------+-------+-------+
; Input Port ; Output Port ; RR    ; RF    ; FR    ; FF    ;
+------------+-------------+-------+-------+-------+-------+
; carry_in   ; carry_out   ; 8.928 ; 8.884 ; 9.308 ; 9.264 ;
; carry_in   ; result[0]   ; 6.245 ;       ;       ; 6.611 ;
; carry_in   ; result[1]   ; 6.890 ; 6.882 ; 7.301 ; 7.246 ;
; carry_in   ; result[2]   ; 7.001 ; 6.992 ; 7.373 ; 7.372 ;
; carry_in   ; result[3]   ; 7.018 ; 7.014 ; 7.393 ; 7.394 ;
; carry_in   ; result[4]   ; 7.660 ; 7.639 ; 8.040 ; 8.019 ;
; carry_in   ; result[5]   ; 8.573 ; 8.561 ; 8.953 ; 8.941 ;
; carry_in   ; result[6]   ; 8.650 ; 8.632 ; 9.030 ; 9.012 ;
; carry_in   ; result[7]   ; 8.871 ; 8.814 ; 9.251 ; 9.194 ;
; x[0]       ; carry_out   ; 8.932 ; 8.888 ; 9.286 ; 9.242 ;
; x[0]       ; result[0]   ; 6.253 ;       ;       ; 6.599 ;
; x[0]       ; result[1]   ; 6.898 ; 6.886 ; 7.279 ; 7.231 ;
; x[0]       ; result[2]   ; 7.005 ; 6.996 ; 7.351 ; 7.350 ;
; x[0]       ; result[3]   ; 7.022 ; 7.018 ; 7.371 ; 7.372 ;
; x[0]       ; result[4]   ; 7.664 ; 7.643 ; 8.018 ; 7.997 ;
; x[0]       ; result[5]   ; 8.577 ; 8.565 ; 8.931 ; 8.919 ;
; x[0]       ; result[6]   ; 8.654 ; 8.636 ; 9.008 ; 8.990 ;
; x[0]       ; result[7]   ; 8.875 ; 8.818 ; 9.229 ; 9.172 ;
; x[1]       ; carry_out   ; 6.368 ; 6.324 ; 6.561 ; 6.517 ;
; x[1]       ; result[1]   ; 4.371 ;       ;       ; 4.522 ;
; x[1]       ; result[2]   ; 4.435 ; 4.432 ; 4.599 ; 4.625 ;
; x[1]       ; result[3]   ; 4.453 ; 4.454 ; 4.646 ; 4.647 ;
; x[1]       ; result[4]   ; 5.100 ; 5.079 ; 5.293 ; 5.272 ;
; x[1]       ; result[5]   ; 6.013 ; 6.001 ; 6.206 ; 6.194 ;
; x[1]       ; result[6]   ; 6.090 ; 6.072 ; 6.283 ; 6.265 ;
; x[1]       ; result[7]   ; 6.311 ; 6.254 ; 6.504 ; 6.447 ;
; x[2]       ; carry_out   ; 7.687 ; 7.643 ; 8.029 ; 7.985 ;
; x[2]       ; result[2]   ; 5.785 ;       ;       ; 6.091 ;
; x[2]       ; result[3]   ; 5.797 ; 5.771 ; 6.139 ; 6.105 ;
; x[2]       ; result[4]   ; 6.417 ; 6.398 ; 6.753 ; 6.740 ;
; x[2]       ; result[5]   ; 7.330 ; 7.320 ; 7.668 ; 7.662 ;
; x[2]       ; result[6]   ; 7.409 ; 7.391 ; 7.751 ; 7.733 ;
; x[2]       ; result[7]   ; 7.630 ; 7.573 ; 7.972 ; 7.915 ;
; x[3]       ; carry_out   ; 7.498 ; 7.454 ; 7.855 ; 7.811 ;
; x[3]       ; result[3]   ; 5.612 ;       ;       ; 5.940 ;
; x[3]       ; result[4]   ; 6.224 ; 6.209 ; 6.552 ; 6.566 ;
; x[3]       ; result[5]   ; 7.137 ; 7.131 ; 7.494 ; 7.488 ;
; x[3]       ; result[6]   ; 7.220 ; 7.202 ; 7.577 ; 7.559 ;
; x[3]       ; result[7]   ; 7.441 ; 7.384 ; 7.798 ; 7.741 ;
; x[4]       ; carry_out   ; 7.269 ; 7.225 ; 7.621 ; 7.584 ;
; x[4]       ; result[4]   ; 5.978 ;       ;       ; 6.341 ;
; x[4]       ; result[5]   ; 6.904 ; 6.902 ; 7.295 ; 7.246 ;
; x[4]       ; result[6]   ; 6.991 ; 6.973 ; 7.343 ; 7.333 ;
; x[4]       ; result[7]   ; 7.212 ; 7.155 ; 7.571 ; 7.507 ;
; x[5]       ; carry_out   ; 7.332 ; 7.295 ; 7.682 ; 7.638 ;
; x[5]       ; result[5]   ; 6.959 ;       ;       ; 7.323 ;
; x[5]       ; result[6]   ; 7.023 ; 7.044 ; 7.404 ; 7.378 ;
; x[5]       ; result[7]   ; 7.282 ; 7.217 ; 7.625 ; 7.568 ;
; x[6]       ; carry_out   ; 6.697 ; 6.652 ; 7.068 ; 7.023 ;
; x[6]       ; result[6]   ; 6.384 ;       ;       ; 6.761 ;
; x[6]       ; result[7]   ; 6.618 ; 6.583 ; 6.993 ; 6.954 ;
; x[7]       ; carry_out   ; 6.212 ; 6.173 ; 6.555 ; 6.545 ;
; x[7]       ; result[7]   ; 6.163 ;       ;       ; 6.476 ;
; y[0]       ; carry_out   ; 8.723 ; 8.679 ; 9.080 ; 9.036 ;
; y[0]       ; result[0]   ; 6.116 ;       ;       ; 6.449 ;
; y[0]       ; result[1]   ; 6.716 ; 6.677 ; 7.073 ; 7.026 ;
; y[0]       ; result[2]   ; 6.796 ; 6.787 ; 7.145 ; 7.144 ;
; y[0]       ; result[3]   ; 6.813 ; 6.809 ; 7.165 ; 7.166 ;
; y[0]       ; result[4]   ; 7.455 ; 7.434 ; 7.812 ; 7.791 ;
; y[0]       ; result[5]   ; 8.368 ; 8.356 ; 8.725 ; 8.713 ;
; y[0]       ; result[6]   ; 8.445 ; 8.427 ; 8.802 ; 8.784 ;
; y[0]       ; result[7]   ; 8.666 ; 8.609 ; 9.023 ; 8.966 ;
; y[1]       ; carry_out   ; 6.567 ; 6.523 ; 6.743 ; 6.699 ;
; y[1]       ; result[1]   ; 4.526 ;       ;       ; 4.682 ;
; y[1]       ; result[2]   ; 4.610 ; 4.631 ; 4.790 ; 4.807 ;
; y[1]       ; result[3]   ; 4.652 ; 4.653 ; 4.828 ; 4.829 ;
; y[1]       ; result[4]   ; 5.299 ; 5.278 ; 5.475 ; 5.454 ;
; y[1]       ; result[5]   ; 6.212 ; 6.200 ; 6.388 ; 6.376 ;
; y[1]       ; result[6]   ; 6.289 ; 6.271 ; 6.465 ; 6.447 ;
; y[1]       ; result[7]   ; 6.510 ; 6.453 ; 6.686 ; 6.629 ;
; y[2]       ; carry_out   ; 7.921 ; 7.877 ; 8.295 ; 8.251 ;
; y[2]       ; result[2]   ; 5.987 ;       ;       ; 6.351 ;
; y[2]       ; result[3]   ; 6.011 ; 6.007 ; 6.389 ; 6.381 ;
; y[2]       ; result[4]   ; 6.653 ; 6.632 ; 7.027 ; 7.006 ;
; y[2]       ; result[5]   ; 7.566 ; 7.554 ; 7.940 ; 7.928 ;
; y[2]       ; result[6]   ; 7.643 ; 7.625 ; 8.017 ; 7.999 ;
; y[2]       ; result[7]   ; 7.864 ; 7.807 ; 8.238 ; 8.181 ;
; y[3]       ; carry_out   ; 7.631 ; 7.587 ; 7.974 ; 7.930 ;
; y[3]       ; result[3]   ; 5.702 ;       ;       ; 6.032 ;
; y[3]       ; result[4]   ; 6.329 ; 6.342 ; 6.686 ; 6.685 ;
; y[3]       ; result[5]   ; 7.270 ; 7.264 ; 7.613 ; 7.607 ;
; y[3]       ; result[6]   ; 7.353 ; 7.335 ; 7.696 ; 7.678 ;
; y[3]       ; result[7]   ; 7.574 ; 7.517 ; 7.917 ; 7.860 ;
; y[4]       ; carry_out   ; 7.009 ; 6.965 ; 7.345 ; 7.308 ;
; y[4]       ; result[4]   ; 5.723 ;       ;       ; 6.070 ;
; y[4]       ; result[5]   ; 6.648 ; 6.642 ; 7.019 ; 6.977 ;
; y[4]       ; result[6]   ; 6.731 ; 6.713 ; 7.067 ; 7.057 ;
; y[4]       ; result[7]   ; 6.952 ; 6.895 ; 7.295 ; 7.231 ;
; y[5]       ; carry_out   ; 6.942 ; 6.905 ; 7.297 ; 7.253 ;
; y[5]       ; result[5]   ; 6.567 ;       ;       ; 6.943 ;
; y[5]       ; result[6]   ; 6.637 ; 6.654 ; 7.019 ; 7.000 ;
; y[5]       ; result[7]   ; 6.892 ; 6.827 ; 7.240 ; 7.183 ;
; y[6]       ; carry_out   ; 6.518 ; 6.476 ; 6.898 ; 6.853 ;
; y[6]       ; result[6]   ; 6.246 ;       ;       ; 6.613 ;
; y[6]       ; result[7]   ; 6.463 ; 6.404 ; 6.814 ; 6.784 ;
; y[7]       ; carry_out   ; 6.376 ; 6.365 ; 6.742 ; 6.717 ;
; y[7]       ; result[7]   ; 6.311 ;       ;       ; 6.622 ;
+------------+-------------+-------+-------+-------+-------+


+----------------------------------------------------------+
; Minimum Propagation Delay                                ;
+------------+-------------+-------+-------+-------+-------+
; Input Port ; Output Port ; RR    ; RF    ; FR    ; FF    ;
+------------+-------------+-------+-------+-------+-------+
; carry_in   ; carry_out   ; 8.515 ; 8.479 ; 8.903 ; 8.867 ;
; carry_in   ; result[0]   ; 6.101 ;       ;       ; 6.454 ;
; carry_in   ; result[1]   ; 6.665 ; 6.655 ; 7.053 ; 7.031 ;
; carry_in   ; result[2]   ; 6.734 ; 6.732 ; 7.122 ; 7.120 ;
; carry_in   ; result[3]   ; 6.747 ; 6.720 ; 7.135 ; 7.108 ;
; carry_in   ; result[4]   ; 7.334 ; 7.320 ; 7.722 ; 7.708 ;
; carry_in   ; result[5]   ; 8.210 ; 8.176 ; 8.598 ; 8.564 ;
; carry_in   ; result[6]   ; 8.255 ; 8.246 ; 8.643 ; 8.634 ;
; carry_in   ; result[7]   ; 8.464 ; 8.411 ; 8.852 ; 8.799 ;
; x[0]       ; carry_out   ; 8.520 ; 8.484 ; 8.889 ; 8.853 ;
; x[0]       ; result[0]   ; 6.109 ;       ;       ; 6.441 ;
; x[0]       ; result[1]   ; 6.670 ; 6.658 ; 7.039 ; 7.018 ;
; x[0]       ; result[2]   ; 6.739 ; 6.737 ; 7.108 ; 7.106 ;
; x[0]       ; result[3]   ; 6.752 ; 6.725 ; 7.121 ; 7.094 ;
; x[0]       ; result[4]   ; 7.339 ; 7.325 ; 7.708 ; 7.694 ;
; x[0]       ; result[5]   ; 8.215 ; 8.181 ; 8.584 ; 8.550 ;
; x[0]       ; result[6]   ; 8.260 ; 8.251 ; 8.629 ; 8.620 ;
; x[0]       ; result[7]   ; 8.469 ; 8.416 ; 8.838 ; 8.785 ;
; x[1]       ; carry_out   ; 6.146 ; 6.110 ; 6.311 ; 6.275 ;
; x[1]       ; result[1]   ; 4.306 ;       ;       ; 4.456 ;
; x[1]       ; result[2]   ; 4.365 ; 4.361 ; 4.530 ; 4.554 ;
; x[1]       ; result[3]   ; 4.378 ; 4.351 ; 4.543 ; 4.516 ;
; x[1]       ; result[4]   ; 4.965 ; 4.951 ; 5.130 ; 5.116 ;
; x[1]       ; result[5]   ; 5.841 ; 5.807 ; 6.006 ; 5.972 ;
; x[1]       ; result[6]   ; 5.886 ; 5.877 ; 6.051 ; 6.042 ;
; x[1]       ; result[7]   ; 6.095 ; 6.042 ; 6.260 ; 6.207 ;
; x[2]       ; carry_out   ; 7.439 ; 7.403 ; 7.768 ; 7.732 ;
; x[2]       ; result[2]   ; 5.660 ;       ;       ; 5.960 ;
; x[2]       ; result[3]   ; 5.671 ; 5.646 ; 6.003 ; 5.972 ;
; x[2]       ; result[4]   ; 6.258 ; 6.246 ; 6.590 ; 6.572 ;
; x[2]       ; result[5]   ; 7.134 ; 7.100 ; 7.463 ; 7.432 ;
; x[2]       ; result[6]   ; 7.179 ; 7.170 ; 7.508 ; 7.500 ;
; x[2]       ; result[7]   ; 7.388 ; 7.335 ; 7.717 ; 7.664 ;
; x[3]       ; carry_out   ; 7.258 ; 7.222 ; 7.578 ; 7.542 ;
; x[3]       ; result[3]   ; 5.493 ;       ;       ; 5.812 ;
; x[3]       ; result[4]   ; 6.077 ; 6.063 ; 6.397 ; 6.411 ;
; x[3]       ; result[5]   ; 6.953 ; 6.919 ; 7.273 ; 7.239 ;
; x[3]       ; result[6]   ; 6.998 ; 6.989 ; 7.318 ; 7.309 ;
; x[3]       ; result[7]   ; 7.207 ; 7.154 ; 7.527 ; 7.474 ;
; x[4]       ; carry_out   ; 6.984 ; 6.948 ; 7.353 ; 7.316 ;
; x[4]       ; result[4]   ; 5.801 ;       ;       ; 6.147 ;
; x[4]       ; result[5]   ; 6.679 ; 6.672 ; 7.048 ; 7.012 ;
; x[4]       ; result[6]   ; 6.724 ; 6.716 ; 7.093 ; 7.082 ;
; x[4]       ; result[7]   ; 6.933 ; 6.880 ; 7.302 ; 7.247 ;
; x[5]       ; carry_out   ; 7.051 ; 7.015 ; 7.410 ; 7.374 ;
; x[5]       ; result[5]   ; 6.777 ;       ;       ; 7.118 ;
; x[5]       ; result[6]   ; 6.791 ; 6.810 ; 7.150 ; 7.157 ;
; x[5]       ; result[7]   ; 7.000 ; 6.947 ; 7.359 ; 7.306 ;
; x[6]       ; carry_out   ; 6.449 ; 6.413 ; 6.821 ; 6.779 ;
; x[6]       ; result[6]   ; 6.219 ;       ;       ; 6.576 ;
; x[6]       ; result[7]   ; 6.398 ; 6.373 ; 6.770 ; 6.710 ;
; x[7]       ; carry_out   ; 6.068 ; 6.030 ; 6.402 ; 6.392 ;
; x[7]       ; result[7]   ; 6.019 ;       ;       ; 6.324 ;
; y[0]       ; carry_out   ; 8.403 ; 8.367 ; 8.749 ; 8.713 ;
; y[0]       ; result[0]   ; 5.978 ;       ;       ; 6.302 ;
; y[0]       ; result[1]   ; 6.553 ; 6.516 ; 6.900 ; 6.857 ;
; y[0]       ; result[2]   ; 6.622 ; 6.620 ; 6.969 ; 6.962 ;
; y[0]       ; result[3]   ; 6.635 ; 6.608 ; 6.981 ; 6.955 ;
; y[0]       ; result[4]   ; 7.222 ; 7.208 ; 7.568 ; 7.555 ;
; y[0]       ; result[5]   ; 8.098 ; 8.064 ; 8.444 ; 8.410 ;
; y[0]       ; result[6]   ; 8.143 ; 8.134 ; 8.489 ; 8.480 ;
; y[0]       ; result[7]   ; 8.352 ; 8.299 ; 8.698 ; 8.645 ;
; y[1]       ; carry_out   ; 6.258 ; 6.222 ; 6.442 ; 6.406 ;
; y[1]       ; result[1]   ; 4.406 ;       ;       ; 4.551 ;
; y[1]       ; result[2]   ; 4.477 ; 4.503 ; 4.664 ; 4.655 ;
; y[1]       ; result[3]   ; 4.490 ; 4.463 ; 4.674 ; 4.650 ;
; y[1]       ; result[4]   ; 5.077 ; 5.063 ; 5.261 ; 5.249 ;
; y[1]       ; result[5]   ; 5.953 ; 5.919 ; 6.137 ; 6.103 ;
; y[1]       ; result[6]   ; 5.998 ; 5.989 ; 6.182 ; 6.173 ;
; y[1]       ; result[7]   ; 6.207 ; 6.154 ; 6.391 ; 6.338 ;
; y[2]       ; carry_out   ; 7.586 ; 7.550 ; 7.957 ; 7.921 ;
; y[2]       ; result[2]   ; 5.805 ;       ;       ; 6.149 ;
; y[2]       ; result[3]   ; 5.818 ; 5.821 ; 6.193 ; 6.161 ;
; y[2]       ; result[4]   ; 6.405 ; 6.393 ; 6.779 ; 6.761 ;
; y[2]       ; result[5]   ; 7.281 ; 7.247 ; 7.652 ; 7.621 ;
; y[2]       ; result[6]   ; 7.326 ; 7.317 ; 7.697 ; 7.689 ;
; y[2]       ; result[7]   ; 7.535 ; 7.482 ; 7.906 ; 7.853 ;
; y[3]       ; carry_out   ; 7.306 ; 7.270 ; 7.648 ; 7.612 ;
; y[3]       ; result[3]   ; 5.535 ;       ;       ; 5.849 ;
; y[3]       ; result[4]   ; 6.125 ; 6.138 ; 6.470 ; 6.452 ;
; y[3]       ; result[5]   ; 7.001 ; 6.967 ; 7.343 ; 7.312 ;
; y[3]       ; result[6]   ; 7.046 ; 7.037 ; 7.388 ; 7.380 ;
; y[3]       ; result[7]   ; 7.255 ; 7.202 ; 7.597 ; 7.544 ;
; y[4]       ; carry_out   ; 6.735 ; 6.699 ; 7.096 ; 7.059 ;
; y[4]       ; result[4]   ; 5.551 ;       ;       ; 5.863 ;
; y[4]       ; result[5]   ; 6.430 ; 6.422 ; 6.791 ; 6.755 ;
; y[4]       ; result[6]   ; 6.475 ; 6.467 ; 6.836 ; 6.825 ;
; y[4]       ; result[7]   ; 6.684 ; 6.631 ; 7.045 ; 6.990 ;
; y[5]       ; carry_out   ; 6.678 ; 6.642 ; 7.048 ; 7.012 ;
; y[5]       ; result[5]   ; 6.369 ;       ;       ; 6.701 ;
; y[5]       ; result[6]   ; 6.418 ; 6.435 ; 6.788 ; 6.796 ;
; y[5]       ; result[7]   ; 6.627 ; 6.574 ; 6.997 ; 6.944 ;
; y[6]       ; carry_out   ; 6.356 ; 6.319 ; 6.699 ; 6.663 ;
; y[6]       ; result[6]   ; 6.099 ;       ;       ; 6.458 ;
; y[6]       ; result[7]   ; 6.305 ; 6.250 ; 6.648 ; 6.621 ;
; y[7]       ; carry_out   ; 6.174 ; 6.163 ; 6.527 ; 6.485 ;
; y[7]       ; result[7]   ; 6.117 ;       ;       ; 6.414 ;
+------------+-------------+-------+-------+-------+-------+


---------------------------------------------
; Slow 1200mV 0C Model Metastability Report ;
---------------------------------------------
No synchronizer chains to report.


--------------------------------------
; Fast 1200mV 0C Model Setup Summary ;
--------------------------------------
No paths to report.


-------------------------------------
; Fast 1200mV 0C Model Hold Summary ;
-------------------------------------
No paths to report.


-----------------------------------------
; Fast 1200mV 0C Model Recovery Summary ;
-----------------------------------------
No paths to report.


----------------------------------------
; Fast 1200mV 0C Model Removal Summary ;
----------------------------------------
No paths to report.


----------------------------------------------------
; Fast 1200mV 0C Model Minimum Pulse Width Summary ;
----------------------------------------------------
No paths to report.


+----------------------------------------------------------+
; Propagation Delay                                        ;
+------------+-------------+-------+-------+-------+-------+
; Input Port ; Output Port ; RR    ; RF    ; FR    ; FF    ;
+------------+-------------+-------+-------+-------+-------+
; carry_in   ; carry_out   ; 5.627 ; 5.723 ; 6.212 ; 6.308 ;
; carry_in   ; result[0]   ; 3.979 ;       ;       ; 4.638 ;
; carry_in   ; result[1]   ; 4.369 ; 4.498 ; 4.983 ; 5.072 ;
; carry_in   ; result[2]   ; 4.430 ; 4.527 ; 5.008 ; 5.112 ;
; carry_in   ; result[3]   ; 4.431 ; 4.511 ; 5.016 ; 5.096 ;
; carry_in   ; result[4]   ; 4.830 ; 4.918 ; 5.415 ; 5.503 ;
; carry_in   ; result[5]   ; 5.403 ; 5.558 ; 5.988 ; 6.143 ;
; carry_in   ; result[6]   ; 5.458 ; 5.570 ; 6.043 ; 6.155 ;
; carry_in   ; result[7]   ; 5.582 ; 5.653 ; 6.167 ; 6.238 ;
; x[0]       ; carry_out   ; 5.615 ; 5.711 ; 6.205 ; 6.301 ;
; x[0]       ; result[0]   ; 3.970 ;       ;       ; 4.641 ;
; x[0]       ; result[1]   ; 4.358 ; 4.486 ; 4.976 ; 5.072 ;
; x[0]       ; result[2]   ; 4.418 ; 4.515 ; 5.004 ; 5.105 ;
; x[0]       ; result[3]   ; 4.419 ; 4.499 ; 5.009 ; 5.089 ;
; x[0]       ; result[4]   ; 4.818 ; 4.906 ; 5.408 ; 5.496 ;
; x[0]       ; result[5]   ; 5.391 ; 5.546 ; 5.981 ; 6.136 ;
; x[0]       ; result[6]   ; 5.446 ; 5.558 ; 6.036 ; 6.148 ;
; x[0]       ; result[7]   ; 5.570 ; 5.641 ; 6.160 ; 6.231 ;
; x[1]       ; carry_out   ; 3.913 ; 4.009 ; 4.274 ; 4.370 ;
; x[1]       ; result[1]   ; 2.696 ;       ;       ; 3.153 ;
; x[1]       ; result[2]   ; 2.712 ; 2.813 ; 3.055 ; 3.174 ;
; x[1]       ; result[3]   ; 2.717 ; 2.797 ; 3.078 ; 3.158 ;
; x[1]       ; result[4]   ; 3.116 ; 3.204 ; 3.477 ; 3.565 ;
; x[1]       ; result[5]   ; 3.689 ; 3.844 ; 4.050 ; 4.205 ;
; x[1]       ; result[6]   ; 3.744 ; 3.856 ; 4.105 ; 4.217 ;
; x[1]       ; result[7]   ; 3.868 ; 3.939 ; 4.229 ; 4.300 ;
; x[2]       ; carry_out   ; 4.835 ; 4.931 ; 5.390 ; 5.486 ;
; x[2]       ; result[2]   ; 3.662 ;       ;       ; 4.297 ;
; x[2]       ; result[3]   ; 3.654 ; 3.719 ; 4.216 ; 4.274 ;
; x[2]       ; result[4]   ; 4.038 ; 4.126 ; 4.593 ; 4.681 ;
; x[2]       ; result[5]   ; 4.611 ; 4.766 ; 5.166 ; 5.321 ;
; x[2]       ; result[6]   ; 4.666 ; 4.778 ; 5.221 ; 5.333 ;
; x[2]       ; result[7]   ; 4.790 ; 4.861 ; 5.345 ; 5.416 ;
; x[3]       ; carry_out   ; 4.711 ; 4.807 ; 5.274 ; 5.370 ;
; x[3]       ; result[3]   ; 3.549 ;       ;       ; 4.161 ;
; x[3]       ; result[4]   ; 3.910 ; 4.002 ; 4.455 ; 4.565 ;
; x[3]       ; result[5]   ; 4.487 ; 4.642 ; 5.050 ; 5.205 ;
; x[3]       ; result[6]   ; 4.542 ; 4.654 ; 5.105 ; 5.217 ;
; x[3]       ; result[7]   ; 4.666 ; 4.737 ; 5.229 ; 5.300 ;
; x[4]       ; carry_out   ; 4.568 ; 4.664 ; 5.141 ; 5.237 ;
; x[4]       ; result[4]   ; 3.768 ;       ;       ; 4.437 ;
; x[4]       ; result[5]   ; 4.344 ; 4.499 ; 4.947 ; 5.063 ;
; x[4]       ; result[6]   ; 4.399 ; 4.511 ; 4.965 ; 5.084 ;
; x[4]       ; result[7]   ; 4.523 ; 4.594 ; 5.096 ; 5.167 ;
; x[5]       ; carry_out   ; 4.634 ; 4.730 ; 5.227 ; 5.323 ;
; x[5]       ; result[5]   ; 4.419 ;       ;       ; 5.162 ;
; x[5]       ; result[6]   ; 4.443 ; 4.577 ; 5.064 ; 5.158 ;
; x[5]       ; result[7]   ; 4.589 ; 4.660 ; 5.175 ; 5.253 ;
; x[6]       ; carry_out   ; 4.219 ; 4.315 ; 4.806 ; 4.902 ;
; x[6]       ; result[6]   ; 4.035 ;       ;       ; 4.733 ;
; x[6]       ; result[7]   ; 4.157 ; 4.245 ; 4.753 ; 4.832 ;
; x[7]       ; carry_out   ; 3.934 ; 4.034 ; 4.485 ; 4.603 ;
; x[7]       ; result[7]   ; 3.903 ;       ;       ; 4.536 ;
; y[0]       ; carry_out   ; 5.490 ; 5.586 ; 6.074 ; 6.170 ;
; y[0]       ; result[0]   ; 3.886 ;       ;       ; 4.546 ;
; y[0]       ; result[1]   ; 4.247 ; 4.361 ; 4.838 ; 4.945 ;
; y[0]       ; result[2]   ; 4.293 ; 4.390 ; 4.877 ; 4.974 ;
; y[0]       ; result[3]   ; 4.294 ; 4.374 ; 4.878 ; 4.958 ;
; y[0]       ; result[4]   ; 4.693 ; 4.781 ; 5.277 ; 5.365 ;
; y[0]       ; result[5]   ; 5.266 ; 5.421 ; 5.850 ; 6.005 ;
; y[0]       ; result[6]   ; 5.321 ; 5.433 ; 5.905 ; 6.017 ;
; y[0]       ; result[7]   ; 5.445 ; 5.516 ; 6.029 ; 6.100 ;
; y[1]       ; carry_out   ; 4.050 ; 4.146 ; 4.388 ; 4.484 ;
; y[1]       ; result[1]   ; 2.804 ;       ;       ; 3.248 ;
; y[1]       ; result[2]   ; 2.836 ; 2.950 ; 3.183 ; 3.288 ;
; y[1]       ; result[3]   ; 2.854 ; 2.934 ; 3.192 ; 3.272 ;
; y[1]       ; result[4]   ; 3.253 ; 3.341 ; 3.591 ; 3.679 ;
; y[1]       ; result[5]   ; 3.826 ; 3.981 ; 4.164 ; 4.319 ;
; y[1]       ; result[6]   ; 3.881 ; 3.993 ; 4.219 ; 4.331 ;
; y[1]       ; result[7]   ; 4.005 ; 4.076 ; 4.343 ; 4.414 ;
; y[2]       ; carry_out   ; 4.988 ; 5.084 ; 5.560 ; 5.656 ;
; y[2]       ; result[2]   ; 3.798 ;       ;       ; 4.455 ;
; y[2]       ; result[3]   ; 3.797 ; 3.872 ; 4.378 ; 4.444 ;
; y[2]       ; result[4]   ; 4.191 ; 4.279 ; 4.763 ; 4.851 ;
; y[2]       ; result[5]   ; 4.764 ; 4.919 ; 5.336 ; 5.491 ;
; y[2]       ; result[6]   ; 4.819 ; 4.931 ; 5.391 ; 5.503 ;
; y[2]       ; result[7]   ; 4.943 ; 5.014 ; 5.515 ; 5.586 ;
; y[3]       ; carry_out   ; 4.798 ; 4.894 ; 5.360 ; 5.456 ;
; y[3]       ; result[3]   ; 3.610 ;       ;       ; 4.229 ;
; y[3]       ; result[4]   ; 3.983 ; 4.089 ; 4.558 ; 4.651 ;
; y[3]       ; result[5]   ; 4.574 ; 4.729 ; 5.136 ; 5.291 ;
; y[3]       ; result[6]   ; 4.629 ; 4.741 ; 5.191 ; 5.303 ;
; y[3]       ; result[7]   ; 4.753 ; 4.824 ; 5.315 ; 5.386 ;
; y[4]       ; carry_out   ; 4.417 ; 4.513 ; 4.955 ; 5.051 ;
; y[4]       ; result[4]   ; 3.616 ;       ;       ; 4.252 ;
; y[4]       ; result[5]   ; 4.194 ; 4.348 ; 4.761 ; 4.883 ;
; y[4]       ; result[6]   ; 4.248 ; 4.360 ; 4.783 ; 4.898 ;
; y[4]       ; result[7]   ; 4.372 ; 4.443 ; 4.910 ; 4.981 ;
; y[5]       ; carry_out   ; 4.393 ; 4.489 ; 4.947 ; 5.043 ;
; y[5]       ; result[5]   ; 4.175 ;       ;       ; 4.883 ;
; y[5]       ; result[6]   ; 4.203 ; 4.336 ; 4.784 ; 4.885 ;
; y[5]       ; result[7]   ; 4.348 ; 4.419 ; 4.897 ; 4.973 ;
; y[6]       ; carry_out   ; 4.133 ; 4.229 ; 4.697 ; 4.793 ;
; y[6]       ; result[6]   ; 3.976 ;       ;       ; 4.640 ;
; y[6]       ; result[7]   ; 4.084 ; 4.159 ; 4.630 ; 4.723 ;
; y[7]       ; carry_out   ; 4.046 ; 4.160 ; 4.630 ; 4.731 ;
; y[7]       ; result[7]   ; 4.005 ;       ;       ; 4.646 ;
+------------+-------------+-------+-------+-------+-------+


+----------------------------------------------------------+
; Minimum Propagation Delay                                ;
+------------+-------------+-------+-------+-------+-------+
; Input Port ; Output Port ; RR    ; RF    ; FR    ; FF    ;
+------------+-------------+-------+-------+-------+-------+
; carry_in   ; carry_out   ; 5.292 ; 5.393 ; 5.883 ; 5.984 ;
; carry_in   ; result[0]   ; 3.880 ;       ;       ; 4.530 ;
; carry_in   ; result[1]   ; 4.222 ; 4.341 ; 4.813 ; 4.931 ;
; carry_in   ; result[2]   ; 4.245 ; 4.347 ; 4.836 ; 4.938 ;
; carry_in   ; result[3]   ; 4.240 ; 4.300 ; 4.831 ; 4.891 ;
; carry_in   ; result[4]   ; 4.589 ; 4.683 ; 5.180 ; 5.274 ;
; carry_in   ; result[5]   ; 5.137 ; 5.269 ; 5.728 ; 5.860 ;
; carry_in   ; result[6]   ; 5.155 ; 5.271 ; 5.746 ; 5.862 ;
; carry_in   ; result[7]   ; 5.259 ; 5.337 ; 5.850 ; 5.928 ;
; x[0]       ; carry_out   ; 5.281 ; 5.382 ; 5.884 ; 5.985 ;
; x[0]       ; result[0]   ; 3.872 ;       ;       ; 4.533 ;
; x[0]       ; result[1]   ; 4.211 ; 4.328 ; 4.814 ; 4.929 ;
; x[0]       ; result[2]   ; 4.234 ; 4.336 ; 4.837 ; 4.939 ;
; x[0]       ; result[3]   ; 4.229 ; 4.289 ; 4.832 ; 4.892 ;
; x[0]       ; result[4]   ; 4.578 ; 4.672 ; 5.181 ; 5.275 ;
; x[0]       ; result[5]   ; 5.126 ; 5.258 ; 5.729 ; 5.861 ;
; x[0]       ; result[6]   ; 5.144 ; 5.260 ; 5.747 ; 5.863 ;
; x[0]       ; result[7]   ; 5.248 ; 5.326 ; 5.851 ; 5.929 ;
; x[1]       ; carry_out   ; 3.718 ; 3.819 ; 4.061 ; 4.162 ;
; x[1]       ; result[1]   ; 2.655 ;       ;       ; 3.110 ;
; x[1]       ; result[2]   ; 2.671 ; 2.768 ; 3.014 ; 3.131 ;
; x[1]       ; result[3]   ; 2.666 ; 2.726 ; 3.009 ; 3.069 ;
; x[1]       ; result[4]   ; 3.015 ; 3.109 ; 3.358 ; 3.452 ;
; x[1]       ; result[5]   ; 3.563 ; 3.695 ; 3.906 ; 4.038 ;
; x[1]       ; result[6]   ; 3.581 ; 3.697 ; 3.924 ; 4.040 ;
; x[1]       ; result[7]   ; 3.685 ; 3.763 ; 4.028 ; 4.106 ;
; x[2]       ; carry_out   ; 4.619 ; 4.720 ; 5.176 ; 5.277 ;
; x[2]       ; result[2]   ; 3.577 ;       ;       ; 4.204 ;
; x[2]       ; result[3]   ; 3.567 ; 3.632 ; 4.124 ; 4.182 ;
; x[2]       ; result[4]   ; 3.916 ; 4.010 ; 4.473 ; 4.567 ;
; x[2]       ; result[5]   ; 4.464 ; 4.596 ; 5.021 ; 5.153 ;
; x[2]       ; result[6]   ; 4.482 ; 4.598 ; 5.039 ; 5.155 ;
; x[2]       ; result[7]   ; 4.586 ; 4.664 ; 5.143 ; 5.221 ;
; x[3]       ; carry_out   ; 4.517 ; 4.618 ; 5.055 ; 5.156 ;
; x[3]       ; result[3]   ; 3.467 ;       ;       ; 4.073 ;
; x[3]       ; result[4]   ; 3.814 ; 3.903 ; 4.352 ; 4.461 ;
; x[3]       ; result[5]   ; 4.362 ; 4.494 ; 4.900 ; 5.032 ;
; x[3]       ; result[6]   ; 4.380 ; 4.496 ; 4.918 ; 5.034 ;
; x[3]       ; result[7]   ; 4.484 ; 4.562 ; 5.022 ; 5.100 ;
; x[4]       ; carry_out   ; 4.352 ; 4.453 ; 4.933 ; 5.034 ;
; x[4]       ; result[4]   ; 3.649 ;       ;       ; 4.308 ;
; x[4]       ; result[5]   ; 4.197 ; 4.341 ; 4.778 ; 4.906 ;
; x[4]       ; result[6]   ; 4.215 ; 4.331 ; 4.796 ; 4.912 ;
; x[4]       ; result[7]   ; 4.319 ; 4.397 ; 4.900 ; 4.978 ;
; x[5]       ; carry_out   ; 4.429 ; 4.530 ; 5.027 ; 5.128 ;
; x[5]       ; result[5]   ; 4.296 ;       ;       ; 5.021 ;
; x[5]       ; result[6]   ; 4.292 ; 4.416 ; 4.890 ; 5.013 ;
; x[5]       ; result[7]   ; 4.396 ; 4.474 ; 4.994 ; 5.072 ;
; x[6]       ; carry_out   ; 4.048 ; 4.149 ; 4.638 ; 4.739 ;
; x[6]       ; result[6]   ; 3.927 ;       ;       ; 4.609 ;
; x[6]       ; result[7]   ; 4.015 ; 4.100 ; 4.605 ; 4.672 ;
; x[7]       ; carry_out   ; 3.837 ; 3.933 ; 4.382 ; 4.498 ;
; x[7]       ; result[7]   ; 3.806 ;       ;       ; 4.431 ;
; y[0]       ; carry_out   ; 5.208 ; 5.309 ; 5.793 ; 5.894 ;
; y[0]       ; result[0]   ; 3.791 ;       ;       ; 4.443 ;
; y[0]       ; result[1]   ; 4.138 ; 4.249 ; 4.723 ; 4.827 ;
; y[0]       ; result[2]   ; 4.161 ; 4.263 ; 4.746 ; 4.848 ;
; y[0]       ; result[3]   ; 4.156 ; 4.216 ; 4.741 ; 4.801 ;
; y[0]       ; result[4]   ; 4.505 ; 4.599 ; 5.090 ; 5.184 ;
; y[0]       ; result[5]   ; 5.053 ; 5.185 ; 5.638 ; 5.770 ;
; y[0]       ; result[6]   ; 5.071 ; 5.187 ; 5.656 ; 5.772 ;
; y[0]       ; result[7]   ; 5.175 ; 5.253 ; 5.760 ; 5.838 ;
; y[1]       ; carry_out   ; 3.803 ; 3.904 ; 4.151 ; 4.252 ;
; y[1]       ; result[1]   ; 2.731 ;       ;       ; 3.167 ;
; y[1]       ; result[2]   ; 2.756 ; 2.865 ; 3.104 ; 3.195 ;
; y[1]       ; result[3]   ; 2.751 ; 2.811 ; 3.099 ; 3.159 ;
; y[1]       ; result[4]   ; 3.100 ; 3.194 ; 3.448 ; 3.542 ;
; y[1]       ; result[5]   ; 3.648 ; 3.780 ; 3.996 ; 4.128 ;
; y[1]       ; result[6]   ; 3.666 ; 3.782 ; 4.014 ; 4.130 ;
; y[1]       ; result[7]   ; 3.770 ; 3.848 ; 4.118 ; 4.196 ;
; y[2]       ; carry_out   ; 4.722 ; 4.823 ; 5.297 ; 5.398 ;
; y[2]       ; result[2]   ; 3.678 ;       ;       ; 4.322 ;
; y[2]       ; result[3]   ; 3.670 ; 3.742 ; 4.245 ; 4.299 ;
; y[2]       ; result[4]   ; 4.019 ; 4.113 ; 4.594 ; 4.688 ;
; y[2]       ; result[5]   ; 4.567 ; 4.699 ; 5.142 ; 5.274 ;
; y[2]       ; result[6]   ; 4.585 ; 4.701 ; 5.160 ; 5.276 ;
; y[2]       ; result[7]   ; 4.689 ; 4.767 ; 5.264 ; 5.342 ;
; y[3]       ; carry_out   ; 4.553 ; 4.654 ; 5.113 ; 5.214 ;
; y[3]       ; result[3]   ; 3.499 ;       ;       ; 4.103 ;
; y[3]       ; result[4]   ; 3.850 ; 3.951 ; 4.411 ; 4.495 ;
; y[3]       ; result[5]   ; 4.398 ; 4.530 ; 4.958 ; 5.091 ;
; y[3]       ; result[6]   ; 4.416 ; 4.532 ; 4.976 ; 5.092 ;
; y[3]       ; result[7]   ; 4.520 ; 4.598 ; 5.080 ; 5.158 ;
; y[4]       ; carry_out   ; 4.208 ; 4.309 ; 4.764 ; 4.865 ;
; y[4]       ; result[4]   ; 3.502 ;       ;       ; 4.115 ;
; y[4]       ; result[5]   ; 4.053 ; 4.195 ; 4.609 ; 4.735 ;
; y[4]       ; result[6]   ; 4.071 ; 4.187 ; 4.627 ; 4.743 ;
; y[4]       ; result[7]   ; 4.175 ; 4.253 ; 4.731 ; 4.809 ;
; y[5]       ; carry_out   ; 4.198 ; 4.299 ; 4.765 ; 4.866 ;
; y[5]       ; result[5]   ; 4.041 ;       ;       ; 4.721 ;
; y[5]       ; result[6]   ; 4.061 ; 4.183 ; 4.628 ; 4.748 ;
; y[5]       ; result[7]   ; 4.165 ; 4.243 ; 4.732 ; 4.810 ;
; y[6]       ; carry_out   ; 4.013 ; 4.114 ; 4.551 ; 4.652 ;
; y[6]       ; result[6]   ; 3.877 ;       ;       ; 4.533 ;
; y[6]       ; result[7]   ; 3.980 ; 4.053 ; 4.518 ; 4.611 ;
; y[7]       ; carry_out   ; 3.913 ; 4.021 ; 4.481 ; 4.572 ;
; y[7]       ; result[7]   ; 3.878 ;       ;       ; 4.502 ;
+------------+-------------+-------+-------+-------+-------+


---------------------------------------------
; Fast 1200mV 0C Model Metastability Report ;
---------------------------------------------
No synchronizer chains to report.


+----------------------------------------------------------------------------+
; Multicorner Timing Analysis Summary                                        ;
+------------------+-------+------+----------+---------+---------------------+
; Clock            ; Setup ; Hold ; Recovery ; Removal ; Minimum Pulse Width ;
+------------------+-------+------+----------+---------+---------------------+
; Worst-case Slack ; N/A   ; N/A  ; N/A      ; N/A     ; N/A                 ;
; Design-wide TNS  ; 0.0   ; 0.0  ; 0.0      ; 0.0     ; 0.0                 ;
+------------------+-------+------+----------+---------+---------------------+


+------------------------------------------------------------+
; Progagation Delay                                          ;
+------------+-------------+-------+-------+--------+--------+
; Input Port ; Output Port ; RR    ; RF    ; FR     ; FF     ;
+------------+-------------+-------+-------+--------+--------+
; carry_in   ; carry_out   ; 9.730 ; 9.694 ; 10.188 ; 10.152 ;
; carry_in   ; result[0]   ; 6.745 ;       ;        ; 7.202  ;
; carry_in   ; result[1]   ; 7.445 ; 7.469 ; 7.947  ; 7.914  ;
; carry_in   ; result[2]   ; 7.588 ; 7.604 ; 8.037  ; 8.062  ;
; carry_in   ; result[3]   ; 7.605 ; 7.626 ; 8.061  ; 8.084  ;
; carry_in   ; result[4]   ; 8.325 ; 8.329 ; 8.783  ; 8.787  ;
; carry_in   ; result[5]   ; 9.312 ; 9.345 ; 9.770  ; 9.803  ;
; carry_in   ; result[6]   ; 9.414 ; 9.404 ; 9.872  ; 9.862  ;
; carry_in   ; result[7]   ; 9.660 ; 9.652 ; 10.118 ; 10.110 ;
; x[0]       ; carry_out   ; 9.737 ; 9.701 ; 10.175 ; 10.139 ;
; x[0]       ; result[0]   ; 6.754 ;       ;        ; 7.203  ;
; x[0]       ; result[1]   ; 7.455 ; 7.476 ; 7.934  ; 7.911  ;
; x[0]       ; result[2]   ; 7.595 ; 7.611 ; 8.030  ; 8.049  ;
; x[0]       ; result[3]   ; 7.612 ; 7.633 ; 8.048  ; 8.071  ;
; x[0]       ; result[4]   ; 8.332 ; 8.336 ; 8.770  ; 8.774  ;
; x[0]       ; result[5]   ; 9.319 ; 9.352 ; 9.757  ; 9.790  ;
; x[0]       ; result[6]   ; 9.421 ; 9.411 ; 9.859  ; 9.849  ;
; x[0]       ; result[7]   ; 9.667 ; 9.659 ; 10.105 ; 10.097 ;
; x[1]       ; carry_out   ; 6.756 ; 6.720 ; 6.940  ; 6.904  ;
; x[1]       ; result[1]   ; 4.525 ;       ;        ; 4.686  ;
; x[1]       ; result[2]   ; 4.607 ; 4.630 ; 4.759  ; 4.814  ;
; x[1]       ; result[3]   ; 4.629 ; 4.652 ; 4.813  ; 4.836  ;
; x[1]       ; result[4]   ; 5.351 ; 5.355 ; 5.535  ; 5.539  ;
; x[1]       ; result[5]   ; 6.338 ; 6.371 ; 6.522  ; 6.555  ;
; x[1]       ; result[6]   ; 6.440 ; 6.430 ; 6.624  ; 6.614  ;
; x[1]       ; result[7]   ; 6.686 ; 6.678 ; 6.870  ; 6.862  ;
; x[2]       ; carry_out   ; 8.350 ; 8.314 ; 8.749  ; 8.713  ;
; x[2]       ; result[2]   ; 6.239 ;       ;        ; 6.628  ;
; x[2]       ; result[3]   ; 6.253 ; 6.246 ; 6.660  ; 6.644  ;
; x[2]       ; result[4]   ; 6.945 ; 6.949 ; 7.343  ; 7.348  ;
; x[2]       ; result[5]   ; 7.932 ; 7.965 ; 8.330  ; 8.364  ;
; x[2]       ; result[6]   ; 8.034 ; 8.024 ; 8.433  ; 8.423  ;
; x[2]       ; result[7]   ; 8.280 ; 8.272 ; 8.679  ; 8.671  ;
; x[3]       ; carry_out   ; 8.144 ; 8.108 ; 8.560  ; 8.524  ;
; x[3]       ; result[3]   ; 6.059 ;       ;        ; 6.456  ;
; x[3]       ; result[4]   ; 6.732 ; 6.743 ; 7.116  ; 7.159  ;
; x[3]       ; result[5]   ; 7.723 ; 7.759 ; 8.139  ; 8.175  ;
; x[3]       ; result[6]   ; 7.828 ; 7.818 ; 8.244  ; 8.234  ;
; x[3]       ; result[7]   ; 8.074 ; 8.066 ; 8.490  ; 8.482  ;
; x[4]       ; carry_out   ; 7.885 ; 7.849 ; 8.310  ; 8.274  ;
; x[4]       ; result[4]   ; 6.462 ;       ;        ; 6.916  ;
; x[4]       ; result[5]   ; 7.459 ; 7.500 ; 7.928  ; 7.912  ;
; x[4]       ; result[6]   ; 7.569 ; 7.559 ; 7.985  ; 7.984  ;
; x[4]       ; result[7]   ; 7.815 ; 7.807 ; 8.240  ; 8.232  ;
; x[5]       ; carry_out   ; 7.952 ; 7.916 ; 8.343  ; 8.307  ;
; x[5]       ; result[5]   ; 7.522 ;       ;        ; 7.964  ;
; x[5]       ; result[6]   ; 7.592 ; 7.626 ; 8.027  ; 8.004  ;
; x[5]       ; result[7]   ; 7.882 ; 7.874 ; 8.264  ; 8.265  ;
; x[6]       ; carry_out   ; 7.254 ; 7.218 ; 7.694  ; 7.658  ;
; x[6]       ; result[6]   ; 6.898 ;       ;        ; 7.345  ;
; x[6]       ; result[7]   ; 7.151 ; 7.176 ; 7.594  ; 7.616  ;
; x[7]       ; carry_out   ; 6.707 ; 6.678 ; 7.098  ; 7.101  ;
; x[7]       ; result[7]   ; 6.646 ;       ;        ; 7.059  ;
; y[0]       ; carry_out   ; 9.493 ; 9.457 ; 9.888  ; 9.852  ;
; y[0]       ; result[0]   ; 6.592 ;       ;        ; 6.980  ;
; y[0]       ; result[1]   ; 7.243 ; 7.232 ; 7.647  ; 7.627  ;
; y[0]       ; result[2]   ; 7.351 ; 7.367 ; 7.746  ; 7.762  ;
; y[0]       ; result[3]   ; 7.368 ; 7.389 ; 7.763  ; 7.784  ;
; y[0]       ; result[4]   ; 8.088 ; 8.092 ; 8.483  ; 8.487  ;
; y[0]       ; result[5]   ; 9.075 ; 9.108 ; 9.470  ; 9.503  ;
; y[0]       ; result[6]   ; 9.177 ; 9.167 ; 9.572  ; 9.562  ;
; y[0]       ; result[7]   ; 9.423 ; 9.415 ; 9.818  ; 9.810  ;
; y[1]       ; carry_out   ; 6.979 ; 6.943 ; 7.150  ; 7.114  ;
; y[1]       ; result[1]   ; 4.700 ;       ;        ; 4.869  ;
; y[1]       ; result[2]   ; 4.804 ; 4.853 ; 4.978  ; 5.024  ;
; y[1]       ; result[3]   ; 4.852 ; 4.875 ; 5.023  ; 5.046  ;
; y[1]       ; result[4]   ; 5.574 ; 5.578 ; 5.745  ; 5.749  ;
; y[1]       ; result[5]   ; 6.561 ; 6.594 ; 6.732  ; 6.765  ;
; y[1]       ; result[6]   ; 6.663 ; 6.653 ; 6.834  ; 6.824  ;
; y[1]       ; result[7]   ; 6.909 ; 6.901 ; 7.080  ; 7.072  ;
; y[2]       ; carry_out   ; 8.607 ; 8.571 ; 9.066  ; 9.030  ;
; y[2]       ; result[2]   ; 6.459 ;       ;        ; 6.925  ;
; y[2]       ; result[3]   ; 6.486 ; 6.503 ; 6.948  ; 6.962  ;
; y[2]       ; result[4]   ; 7.202 ; 7.206 ; 7.661  ; 7.665  ;
; y[2]       ; result[5]   ; 8.189 ; 8.222 ; 8.648  ; 8.681  ;
; y[2]       ; result[6]   ; 8.291 ; 8.281 ; 8.750  ; 8.740  ;
; y[2]       ; result[7]   ; 8.537 ; 8.529 ; 8.996  ; 8.988  ;
; y[3]       ; carry_out   ; 8.285 ; 8.249 ; 8.699  ; 8.663  ;
; y[3]       ; result[3]   ; 6.153 ;       ;        ; 6.565  ;
; y[3]       ; result[4]   ; 6.843 ; 6.884 ; 7.271  ; 7.298  ;
; y[3]       ; result[5]   ; 7.864 ; 7.900 ; 8.278  ; 8.314  ;
; y[3]       ; result[6]   ; 7.969 ; 7.959 ; 8.383  ; 8.373  ;
; y[3]       ; result[7]   ; 8.215 ; 8.207 ; 8.629  ; 8.621  ;
; y[4]       ; carry_out   ; 7.604 ; 7.568 ; 7.996  ; 7.960  ;
; y[4]       ; result[4]   ; 6.179 ;       ;        ; 6.609  ;
; y[4]       ; result[5]   ; 7.181 ; 7.219 ; 7.614  ; 7.608  ;
; y[4]       ; result[6]   ; 7.288 ; 7.278 ; 7.677  ; 7.670  ;
; y[4]       ; result[7]   ; 7.534 ; 7.526 ; 7.926  ; 7.918  ;
; y[5]       ; carry_out   ; 7.522 ; 7.486 ; 7.926  ; 7.890  ;
; y[5]       ; result[5]   ; 7.090 ;       ;        ; 7.553  ;
; y[5]       ; result[6]   ; 7.165 ; 7.196 ; 7.610  ; 7.597  ;
; y[5]       ; result[7]   ; 7.452 ; 7.444 ; 7.853  ; 7.848  ;
; y[6]       ; carry_out   ; 7.054 ; 7.018 ; 7.500  ; 7.464  ;
; y[6]       ; result[6]   ; 6.744 ;       ;        ; 7.176  ;
; y[6]       ; result[7]   ; 6.977 ; 6.976 ; 7.391  ; 7.422  ;
; y[7]       ; carry_out   ; 6.880 ; 6.881 ; 7.331  ; 7.318  ;
; y[7]       ; result[7]   ; 6.801 ;       ;        ; 7.247  ;
+------------+-------------+-------+-------+--------+--------+


+----------------------------------------------------------+
; Minimum Progagation Delay                                ;
+------------+-------------+-------+-------+-------+-------+
; Input Port ; Output Port ; RR    ; RF    ; FR    ; FF    ;
+------------+-------------+-------+-------+-------+-------+
; carry_in   ; carry_out   ; 5.292 ; 5.393 ; 5.883 ; 5.984 ;
; carry_in   ; result[0]   ; 3.880 ;       ;       ; 4.530 ;
; carry_in   ; result[1]   ; 4.222 ; 4.341 ; 4.813 ; 4.931 ;
; carry_in   ; result[2]   ; 4.245 ; 4.347 ; 4.836 ; 4.938 ;
; carry_in   ; result[3]   ; 4.240 ; 4.300 ; 4.831 ; 4.891 ;
; carry_in   ; result[4]   ; 4.589 ; 4.683 ; 5.180 ; 5.274 ;
; carry_in   ; result[5]   ; 5.137 ; 5.269 ; 5.728 ; 5.860 ;
; carry_in   ; result[6]   ; 5.155 ; 5.271 ; 5.746 ; 5.862 ;
; carry_in   ; result[7]   ; 5.259 ; 5.337 ; 5.850 ; 5.928 ;
; x[0]       ; carry_out   ; 5.281 ; 5.382 ; 5.884 ; 5.985 ;
; x[0]       ; result[0]   ; 3.872 ;       ;       ; 4.533 ;
; x[0]       ; result[1]   ; 4.211 ; 4.328 ; 4.814 ; 4.929 ;
; x[0]       ; result[2]   ; 4.234 ; 4.336 ; 4.837 ; 4.939 ;
; x[0]       ; result[3]   ; 4.229 ; 4.289 ; 4.832 ; 4.892 ;
; x[0]       ; result[4]   ; 4.578 ; 4.672 ; 5.181 ; 5.275 ;
; x[0]       ; result[5]   ; 5.126 ; 5.258 ; 5.729 ; 5.861 ;
; x[0]       ; result[6]   ; 5.144 ; 5.260 ; 5.747 ; 5.863 ;
; x[0]       ; result[7]   ; 5.248 ; 5.326 ; 5.851 ; 5.929 ;
; x[1]       ; carry_out   ; 3.718 ; 3.819 ; 4.061 ; 4.162 ;
; x[1]       ; result[1]   ; 2.655 ;       ;       ; 3.110 ;
; x[1]       ; result[2]   ; 2.671 ; 2.768 ; 3.014 ; 3.131 ;
; x[1]       ; result[3]   ; 2.666 ; 2.726 ; 3.009 ; 3.069 ;
; x[1]       ; result[4]   ; 3.015 ; 3.109 ; 3.358 ; 3.452 ;
; x[1]       ; result[5]   ; 3.563 ; 3.695 ; 3.906 ; 4.038 ;
; x[1]       ; result[6]   ; 3.581 ; 3.697 ; 3.924 ; 4.040 ;
; x[1]       ; result[7]   ; 3.685 ; 3.763 ; 4.028 ; 4.106 ;
; x[2]       ; carry_out   ; 4.619 ; 4.720 ; 5.176 ; 5.277 ;
; x[2]       ; result[2]   ; 3.577 ;       ;       ; 4.204 ;
; x[2]       ; result[3]   ; 3.567 ; 3.632 ; 4.124 ; 4.182 ;
; x[2]       ; result[4]   ; 3.916 ; 4.010 ; 4.473 ; 4.567 ;
; x[2]       ; result[5]   ; 4.464 ; 4.596 ; 5.021 ; 5.153 ;
; x[2]       ; result[6]   ; 4.482 ; 4.598 ; 5.039 ; 5.155 ;
; x[2]       ; result[7]   ; 4.586 ; 4.664 ; 5.143 ; 5.221 ;
; x[3]       ; carry_out   ; 4.517 ; 4.618 ; 5.055 ; 5.156 ;
; x[3]       ; result[3]   ; 3.467 ;       ;       ; 4.073 ;
; x[3]       ; result[4]   ; 3.814 ; 3.903 ; 4.352 ; 4.461 ;
; x[3]       ; result[5]   ; 4.362 ; 4.494 ; 4.900 ; 5.032 ;
; x[3]       ; result[6]   ; 4.380 ; 4.496 ; 4.918 ; 5.034 ;
; x[3]       ; result[7]   ; 4.484 ; 4.562 ; 5.022 ; 5.100 ;
; x[4]       ; carry_out   ; 4.352 ; 4.453 ; 4.933 ; 5.034 ;
; x[4]       ; result[4]   ; 3.649 ;       ;       ; 4.308 ;
; x[4]       ; result[5]   ; 4.197 ; 4.341 ; 4.778 ; 4.906 ;
; x[4]       ; result[6]   ; 4.215 ; 4.331 ; 4.796 ; 4.912 ;
; x[4]       ; result[7]   ; 4.319 ; 4.397 ; 4.900 ; 4.978 ;
; x[5]       ; carry_out   ; 4.429 ; 4.530 ; 5.027 ; 5.128 ;
; x[5]       ; result[5]   ; 4.296 ;       ;       ; 5.021 ;
; x[5]       ; result[6]   ; 4.292 ; 4.416 ; 4.890 ; 5.013 ;
; x[5]       ; result[7]   ; 4.396 ; 4.474 ; 4.994 ; 5.072 ;
; x[6]       ; carry_out   ; 4.048 ; 4.149 ; 4.638 ; 4.739 ;
; x[6]       ; result[6]   ; 3.927 ;       ;       ; 4.609 ;
; x[6]       ; result[7]   ; 4.015 ; 4.100 ; 4.605 ; 4.672 ;
; x[7]       ; carry_out   ; 3.837 ; 3.933 ; 4.382 ; 4.498 ;
; x[7]       ; result[7]   ; 3.806 ;       ;       ; 4.431 ;
; y[0]       ; carry_out   ; 5.208 ; 5.309 ; 5.793 ; 5.894 ;
; y[0]       ; result[0]   ; 3.791 ;       ;       ; 4.443 ;
; y[0]       ; result[1]   ; 4.138 ; 4.249 ; 4.723 ; 4.827 ;
; y[0]       ; result[2]   ; 4.161 ; 4.263 ; 4.746 ; 4.848 ;
; y[0]       ; result[3]   ; 4.156 ; 4.216 ; 4.741 ; 4.801 ;
; y[0]       ; result[4]   ; 4.505 ; 4.599 ; 5.090 ; 5.184 ;
; y[0]       ; result[5]   ; 5.053 ; 5.185 ; 5.638 ; 5.770 ;
; y[0]       ; result[6]   ; 5.071 ; 5.187 ; 5.656 ; 5.772 ;
; y[0]       ; result[7]   ; 5.175 ; 5.253 ; 5.760 ; 5.838 ;
; y[1]       ; carry_out   ; 3.803 ; 3.904 ; 4.151 ; 4.252 ;
; y[1]       ; result[1]   ; 2.731 ;       ;       ; 3.167 ;
; y[1]       ; result[2]   ; 2.756 ; 2.865 ; 3.104 ; 3.195 ;
; y[1]       ; result[3]   ; 2.751 ; 2.811 ; 3.099 ; 3.159 ;
; y[1]       ; result[4]   ; 3.100 ; 3.194 ; 3.448 ; 3.542 ;
; y[1]       ; result[5]   ; 3.648 ; 3.780 ; 3.996 ; 4.128 ;
; y[1]       ; result[6]   ; 3.666 ; 3.782 ; 4.014 ; 4.130 ;
; y[1]       ; result[7]   ; 3.770 ; 3.848 ; 4.118 ; 4.196 ;
; y[2]       ; carry_out   ; 4.722 ; 4.823 ; 5.297 ; 5.398 ;
; y[2]       ; result[2]   ; 3.678 ;       ;       ; 4.322 ;
; y[2]       ; result[3]   ; 3.670 ; 3.742 ; 4.245 ; 4.299 ;
; y[2]       ; result[4]   ; 4.019 ; 4.113 ; 4.594 ; 4.688 ;
; y[2]       ; result[5]   ; 4.567 ; 4.699 ; 5.142 ; 5.274 ;
; y[2]       ; result[6]   ; 4.585 ; 4.701 ; 5.160 ; 5.276 ;
; y[2]       ; result[7]   ; 4.689 ; 4.767 ; 5.264 ; 5.342 ;
; y[3]       ; carry_out   ; 4.553 ; 4.654 ; 5.113 ; 5.214 ;
; y[3]       ; result[3]   ; 3.499 ;       ;       ; 4.103 ;
; y[3]       ; result[4]   ; 3.850 ; 3.951 ; 4.411 ; 4.495 ;
; y[3]       ; result[5]   ; 4.398 ; 4.530 ; 4.958 ; 5.091 ;
; y[3]       ; result[6]   ; 4.416 ; 4.532 ; 4.976 ; 5.092 ;
; y[3]       ; result[7]   ; 4.520 ; 4.598 ; 5.080 ; 5.158 ;
; y[4]       ; carry_out   ; 4.208 ; 4.309 ; 4.764 ; 4.865 ;
; y[4]       ; result[4]   ; 3.502 ;       ;       ; 4.115 ;
; y[4]       ; result[5]   ; 4.053 ; 4.195 ; 4.609 ; 4.735 ;
; y[4]       ; result[6]   ; 4.071 ; 4.187 ; 4.627 ; 4.743 ;
; y[4]       ; result[7]   ; 4.175 ; 4.253 ; 4.731 ; 4.809 ;
; y[5]       ; carry_out   ; 4.198 ; 4.299 ; 4.765 ; 4.866 ;
; y[5]       ; result[5]   ; 4.041 ;       ;       ; 4.721 ;
; y[5]       ; result[6]   ; 4.061 ; 4.183 ; 4.628 ; 4.748 ;
; y[5]       ; result[7]   ; 4.165 ; 4.243 ; 4.732 ; 4.810 ;
; y[6]       ; carry_out   ; 4.013 ; 4.114 ; 4.551 ; 4.652 ;
; y[6]       ; result[6]   ; 3.877 ;       ;       ; 4.533 ;
; y[6]       ; result[7]   ; 3.980 ; 4.053 ; 4.518 ; 4.611 ;
; y[7]       ; carry_out   ; 3.913 ; 4.021 ; 4.481 ; 4.572 ;
; y[7]       ; result[7]   ; 3.878 ;       ;       ; 4.502 ;
+------------+-------------+-------+-------+-------+-------+


+------------------------------------------------------------------------------------------------------------------------------------------------------------------------------------------------------------------------------------------------------------------------------------------------------------------------------------------------------------------------------------------------------------------+
; Board Trace Model Assignments                                                                                                                                                                                                                                                                                                                                                                                    ;
+---------------+--------------+-------------------+-------------------------+-------------------------+---------------+---------------------+----------------+------------------+--------+------------------+------------------------+------------------------+--------------+---------------+-----------------+-------+---------------------+--------------------+---------------+-----------------+-------------+
; Pin           ; I/O Standard ; Near Tline Length ; Near Tline L per Length ; Near Tline C per Length ; Near Series R ; Near Differential R ; Near Pull-up R ; Near Pull-down R ; Near C ; Far Tline Length ; Far Tline L per Length ; Far Tline C per Length ; Far Series R ; Far Pull-up R ; Far Pull-down R ; Far C ; Termination Voltage ; Far Differential R ; EBD File Name ; EBD Signal Name ; EBD Far-end ;
+---------------+--------------+-------------------+-------------------------+-------------------------+---------------+---------------------+----------------+------------------+--------+------------------+------------------------+------------------------+--------------+---------------+-----------------+-------+---------------------+--------------------+---------------+-----------------+-------------+
; carry_out     ; 2.5 V        ; 0 in              ; 0 H/in                  ; 0 F/in                  ; short         ; -                   ; open           ; open             ; open   ; 0 in             ; 0 H/in                 ; 0 F/in                 ; short        ; open          ; open            ; open  ; 0 V                 ; -                  ; n/a           ; n/a             ; n/a         ;
; result[0]     ; 2.5 V        ; 0 in              ; 0 H/in                  ; 0 F/in                  ; short         ; -                   ; open           ; open             ; open   ; 0 in             ; 0 H/in                 ; 0 F/in                 ; short        ; open          ; open            ; open  ; 0 V                 ; -                  ; n/a           ; n/a             ; n/a         ;
; result[1]     ; 2.5 V        ; 0 in              ; 0 H/in                  ; 0 F/in                  ; short         ; -                   ; open           ; open             ; open   ; 0 in             ; 0 H/in                 ; 0 F/in                 ; short        ; open          ; open            ; open  ; 0 V                 ; -                  ; n/a           ; n/a             ; n/a         ;
; result[2]     ; 2.5 V        ; 0 in              ; 0 H/in                  ; 0 F/in                  ; short         ; -                   ; open           ; open             ; open   ; 0 in             ; 0 H/in                 ; 0 F/in                 ; short        ; open          ; open            ; open  ; 0 V                 ; -                  ; n/a           ; n/a             ; n/a         ;
; result[3]     ; 2.5 V        ; 0 in              ; 0 H/in                  ; 0 F/in                  ; short         ; -                   ; open           ; open             ; open   ; 0 in             ; 0 H/in                 ; 0 F/in                 ; short        ; open          ; open            ; open  ; 0 V                 ; -                  ; n/a           ; n/a             ; n/a         ;
; result[4]     ; 2.5 V        ; 0 in              ; 0 H/in                  ; 0 F/in                  ; short         ; -                   ; open           ; open             ; open   ; 0 in             ; 0 H/in                 ; 0 F/in                 ; short        ; open          ; open            ; open  ; 0 V                 ; -                  ; n/a           ; n/a             ; n/a         ;
; result[5]     ; 2.5 V        ; 0 in              ; 0 H/in                  ; 0 F/in                  ; short         ; -                   ; open           ; open             ; open   ; 0 in             ; 0 H/in                 ; 0 F/in                 ; short        ; open          ; open            ; open  ; 0 V                 ; -                  ; n/a           ; n/a             ; n/a         ;
; result[6]     ; 2.5 V        ; 0 in              ; 0 H/in                  ; 0 F/in                  ; short         ; -                   ; open           ; open             ; open   ; 0 in             ; 0 H/in                 ; 0 F/in                 ; short        ; open          ; open            ; open  ; 0 V                 ; -                  ; n/a           ; n/a             ; n/a         ;
; result[7]     ; 2.5 V        ; 0 in              ; 0 H/in                  ; 0 F/in                  ; short         ; -                   ; open           ; open             ; open   ; 0 in             ; 0 H/in                 ; 0 F/in                 ; short        ; open          ; open            ; open  ; 0 V                 ; -                  ; n/a           ; n/a             ; n/a         ;
; ~ALTERA_DCLK~ ; 2.5 V        ; 0 in              ; 0 H/in                  ; 0 F/in                  ; short         ; -                   ; open           ; open             ; open   ; 0 in             ; 0 H/in                 ; 0 F/in                 ; short        ; open          ; open            ; open  ; 0 V                 ; -                  ; n/a           ; n/a             ; n/a         ;
; ~ALTERA_nCEO~ ; 2.5 V        ; 0 in              ; 0 H/in                  ; 0 F/in                  ; short         ; -                   ; open           ; open             ; open   ; 0 in             ; 0 H/in                 ; 0 F/in                 ; short        ; open          ; open            ; open  ; 0 V                 ; -                  ; n/a           ; n/a             ; n/a         ;
+---------------+--------------+-------------------+-------------------------+-------------------------+---------------+---------------------+----------------+------------------+--------+------------------+------------------------+------------------------+--------------+---------------+-----------------+-------+---------------------+--------------------+---------------+-----------------+-------------+


+----------------------------------------------------------------------------+
; Input Transition Times                                                     ;
+-------------------------+--------------+-----------------+-----------------+
; Pin                     ; I/O Standard ; 10-90 Rise Time ; 90-10 Fall Time ;
+-------------------------+--------------+-----------------+-----------------+
; y[1]                    ; 2.5 V        ; 2000 ps         ; 2000 ps         ;
; x[1]                    ; 2.5 V        ; 2000 ps         ; 2000 ps         ;
; x[0]                    ; 2.5 V        ; 2000 ps         ; 2000 ps         ;
; y[0]                    ; 2.5 V        ; 2000 ps         ; 2000 ps         ;
; carry_in                ; 2.5 V        ; 2000 ps         ; 2000 ps         ;
; x[2]                    ; 2.5 V        ; 2000 ps         ; 2000 ps         ;
; y[2]                    ; 2.5 V        ; 2000 ps         ; 2000 ps         ;
; x[3]                    ; 2.5 V        ; 2000 ps         ; 2000 ps         ;
; y[3]                    ; 2.5 V        ; 2000 ps         ; 2000 ps         ;
; x[4]                    ; 2.5 V        ; 2000 ps         ; 2000 ps         ;
; y[4]                    ; 2.5 V        ; 2000 ps         ; 2000 ps         ;
; x[5]                    ; 2.5 V        ; 2000 ps         ; 2000 ps         ;
; y[5]                    ; 2.5 V        ; 2000 ps         ; 2000 ps         ;
; x[6]                    ; 2.5 V        ; 2000 ps         ; 2000 ps         ;
; y[6]                    ; 2.5 V        ; 2000 ps         ; 2000 ps         ;
; x[7]                    ; 2.5 V        ; 2000 ps         ; 2000 ps         ;
; y[7]                    ; 2.5 V        ; 2000 ps         ; 2000 ps         ;
; ~ALTERA_ASDO_DATA1~     ; 2.5 V        ; 2000 ps         ; 2000 ps         ;
; ~ALTERA_FLASH_nCE_nCSO~ ; 2.5 V        ; 2000 ps         ; 2000 ps         ;
; ~ALTERA_DATA0~          ; 2.5 V        ; 2000 ps         ; 2000 ps         ;
+-------------------------+--------------+-----------------+-----------------+


+--------------------------------------------------------------------------------------------------------------------------------------------------------------------------------------------------------------------------------------------------------------------------------------------------------------------------------------------------------------------------------------------------------------------------------------------------------------------------------------------------------------------------------------------------------------------------------------------------------------------------------------------------------------------------------------------+
; Slow Corner Signal Integrity Metrics                                                                                                                                                                                                                                                                                                                                                                                                                                                                                                                                                                                                                                                       ;
+---------------+--------------+---------------------+---------------------+------------------------------+------------------------------+---------------------+---------------------+--------------------------------------+--------------------------------------+-----------------------------+-----------------------------+----------------------------+----------------------------+-----------------------------+-----------------------------+--------------------+--------------------+-------------------------------------+-------------------------------------+----------------------------+----------------------------+---------------------------+---------------------------+
; Pin           ; I/O Standard ; Board Delay on Rise ; Board Delay on Fall ; Steady State Voh at FPGA Pin ; Steady State Vol at FPGA Pin ; Voh Max at FPGA Pin ; Vol Min at FPGA Pin ; Ringback Voltage on Rise at FPGA Pin ; Ringback Voltage on Fall at FPGA Pin ; 10-90 Rise Time at FPGA Pin ; 90-10 Fall Time at FPGA Pin ; Monotonic Rise at FPGA Pin ; Monotonic Fall at FPGA Pin ; Steady State Voh at Far-end ; Steady State Vol at Far-end ; Voh Max at Far-end ; Vol Min at Far-end ; Ringback Voltage on Rise at Far-end ; Ringback Voltage on Fall at Far-end ; 10-90 Rise Time at Far-end ; 90-10 Fall Time at Far-end ; Monotonic Rise at Far-end ; Monotonic Fall at Far-end ;
+---------------+--------------+---------------------+---------------------+------------------------------+------------------------------+---------------------+---------------------+--------------------------------------+--------------------------------------+-----------------------------+-----------------------------+----------------------------+----------------------------+-----------------------------+-----------------------------+--------------------+--------------------+-------------------------------------+-------------------------------------+----------------------------+----------------------------+---------------------------+---------------------------+
; carry_out     ; 2.5 V        ; 0 s                 ; 0 s                 ; 2.32 V                       ; 7.11e-07 V                   ; 2.35 V              ; -0.00791 V          ; 0.102 V                              ; 0.023 V                              ; 6.39e-10 s                  ; 5.99e-10 s                  ; Yes                        ; Yes                        ; 2.32 V                      ; 7.11e-07 V                  ; 2.35 V             ; -0.00791 V         ; 0.102 V                             ; 0.023 V                             ; 6.39e-10 s                 ; 5.99e-10 s                 ; Yes                       ; Yes                       ;
; result[0]     ; 2.5 V        ; 0 s                 ; 0 s                 ; 2.32 V                       ; 7.11e-07 V                   ; 2.35 V              ; -0.00791 V          ; 0.102 V                              ; 0.023 V                              ; 6.39e-10 s                  ; 5.99e-10 s                  ; Yes                        ; Yes                        ; 2.32 V                      ; 7.11e-07 V                  ; 2.35 V             ; -0.00791 V         ; 0.102 V                             ; 0.023 V                             ; 6.39e-10 s                 ; 5.99e-10 s                 ; Yes                       ; Yes                       ;
; result[1]     ; 2.5 V        ; 0 s                 ; 0 s                 ; 2.32 V                       ; 7.11e-07 V                   ; 2.35 V              ; -0.00791 V          ; 0.102 V                              ; 0.023 V                              ; 6.39e-10 s                  ; 5.99e-10 s                  ; Yes                        ; Yes                        ; 2.32 V                      ; 7.11e-07 V                  ; 2.35 V             ; -0.00791 V         ; 0.102 V                             ; 0.023 V                             ; 6.39e-10 s                 ; 5.99e-10 s                 ; Yes                       ; Yes                       ;
; result[2]     ; 2.5 V        ; 0 s                 ; 0 s                 ; 2.32 V                       ; 7.11e-07 V                   ; 2.35 V              ; -0.00791 V          ; 0.102 V                              ; 0.023 V                              ; 6.39e-10 s                  ; 5.99e-10 s                  ; Yes                        ; Yes                        ; 2.32 V                      ; 7.11e-07 V                  ; 2.35 V             ; -0.00791 V         ; 0.102 V                             ; 0.023 V                             ; 6.39e-10 s                 ; 5.99e-10 s                 ; Yes                       ; Yes                       ;
; result[3]     ; 2.5 V        ; 0 s                 ; 0 s                 ; 2.32 V                       ; 7.11e-07 V                   ; 2.35 V              ; -0.00791 V          ; 0.102 V                              ; 0.023 V                              ; 6.39e-10 s                  ; 5.99e-10 s                  ; Yes                        ; Yes                        ; 2.32 V                      ; 7.11e-07 V                  ; 2.35 V             ; -0.00791 V         ; 0.102 V                             ; 0.023 V                             ; 6.39e-10 s                 ; 5.99e-10 s                 ; Yes                       ; Yes                       ;
; result[4]     ; 2.5 V        ; 0 s                 ; 0 s                 ; 2.32 V                       ; 7.11e-07 V                   ; 2.35 V              ; -0.00791 V          ; 0.102 V                              ; 0.023 V                              ; 6.39e-10 s                  ; 5.99e-10 s                  ; Yes                        ; Yes                        ; 2.32 V                      ; 7.11e-07 V                  ; 2.35 V             ; -0.00791 V         ; 0.102 V                             ; 0.023 V                             ; 6.39e-10 s                 ; 5.99e-10 s                 ; Yes                       ; Yes                       ;
; result[5]     ; 2.5 V        ; 0 s                 ; 0 s                 ; 2.32 V                       ; 7.11e-07 V                   ; 2.35 V              ; -0.00791 V          ; 0.102 V                              ; 0.023 V                              ; 6.39e-10 s                  ; 5.99e-10 s                  ; Yes                        ; Yes                        ; 2.32 V                      ; 7.11e-07 V                  ; 2.35 V             ; -0.00791 V         ; 0.102 V                             ; 0.023 V                             ; 6.39e-10 s                 ; 5.99e-10 s                 ; Yes                       ; Yes                       ;
; result[6]     ; 2.5 V        ; 0 s                 ; 0 s                 ; 2.32 V                       ; 7.11e-07 V                   ; 2.35 V              ; -0.00791 V          ; 0.102 V                              ; 0.023 V                              ; 6.39e-10 s                  ; 5.99e-10 s                  ; Yes                        ; Yes                        ; 2.32 V                      ; 7.11e-07 V                  ; 2.35 V             ; -0.00791 V         ; 0.102 V                             ; 0.023 V                             ; 6.39e-10 s                 ; 5.99e-10 s                 ; Yes                       ; Yes                       ;
; result[7]     ; 2.5 V        ; 0 s                 ; 0 s                 ; 2.32 V                       ; 1.06e-06 V                   ; 2.36 V              ; -0.00548 V          ; 0.108 V                              ; 0.017 V                              ; 4.48e-10 s                  ; 4.25e-10 s                  ; Yes                        ; Yes                        ; 2.32 V                      ; 1.06e-06 V                  ; 2.36 V             ; -0.00548 V         ; 0.108 V                             ; 0.017 V                             ; 4.48e-10 s                 ; 4.25e-10 s                 ; Yes                       ; Yes                       ;
; ~ALTERA_DCLK~ ; 2.5 V        ; 0 s                 ; 0 s                 ; 2.32 V                       ; 5.68e-07 V                   ; 2.36 V              ; -0.0222 V           ; 0.073 V                              ; 0.035 V                              ; 3.97e-10 s                  ; 3.26e-10 s                  ; Yes                        ; Yes                        ; 2.32 V                      ; 5.68e-07 V                  ; 2.36 V             ; -0.0222 V          ; 0.073 V                             ; 0.035 V                             ; 3.97e-10 s                 ; 3.26e-10 s                 ; Yes                       ; Yes                       ;
; ~ALTERA_nCEO~ ; 2.5 V        ; 0 s                 ; 0 s                 ; 2.32 V                       ; 9.36e-07 V                   ; 2.35 V              ; -0.00597 V          ; 0.081 V                              ; 0.031 V                              ; 5.3e-10 s                   ; 7.56e-10 s                  ; Yes                        ; Yes                        ; 2.32 V                      ; 9.36e-07 V                  ; 2.35 V             ; -0.00597 V         ; 0.081 V                             ; 0.031 V                             ; 5.3e-10 s                  ; 7.56e-10 s                 ; Yes                       ; Yes                       ;
+---------------+--------------+---------------------+---------------------+------------------------------+------------------------------+---------------------+---------------------+--------------------------------------+--------------------------------------+-----------------------------+-----------------------------+----------------------------+----------------------------+-----------------------------+-----------------------------+--------------------+--------------------+-------------------------------------+-------------------------------------+----------------------------+----------------------------+---------------------------+---------------------------+


+--------------------------------------------------------------------------------------------------------------------------------------------------------------------------------------------------------------------------------------------------------------------------------------------------------------------------------------------------------------------------------------------------------------------------------------------------------------------------------------------------------------------------------------------------------------------------------------------------------------------------------------------------------------------------------------------+
; Fast Corner Signal Integrity Metrics                                                                                                                                                                                                                                                                                                                                                                                                                                                                                                                                                                                                                                                       ;
+---------------+--------------+---------------------+---------------------+------------------------------+------------------------------+---------------------+---------------------+--------------------------------------+--------------------------------------+-----------------------------+-----------------------------+----------------------------+----------------------------+-----------------------------+-----------------------------+--------------------+--------------------+-------------------------------------+-------------------------------------+----------------------------+----------------------------+---------------------------+---------------------------+
; Pin           ; I/O Standard ; Board Delay on Rise ; Board Delay on Fall ; Steady State Voh at FPGA Pin ; Steady State Vol at FPGA Pin ; Voh Max at FPGA Pin ; Vol Min at FPGA Pin ; Ringback Voltage on Rise at FPGA Pin ; Ringback Voltage on Fall at FPGA Pin ; 10-90 Rise Time at FPGA Pin ; 90-10 Fall Time at FPGA Pin ; Monotonic Rise at FPGA Pin ; Monotonic Fall at FPGA Pin ; Steady State Voh at Far-end ; Steady State Vol at Far-end ; Voh Max at Far-end ; Vol Min at Far-end ; Ringback Voltage on Rise at Far-end ; Ringback Voltage on Fall at Far-end ; 10-90 Rise Time at Far-end ; 90-10 Fall Time at Far-end ; Monotonic Rise at Far-end ; Monotonic Fall at Far-end ;
+---------------+--------------+---------------------+---------------------+------------------------------+------------------------------+---------------------+---------------------+--------------------------------------+--------------------------------------+-----------------------------+-----------------------------+----------------------------+----------------------------+-----------------------------+-----------------------------+--------------------+--------------------+-------------------------------------+-------------------------------------+----------------------------+----------------------------+---------------------------+---------------------------+
; carry_out     ; 2.5 V        ; 0 s                 ; 0 s                 ; 2.62 V                       ; 2.7e-08 V                    ; 2.71 V              ; -0.0354 V           ; 0.148 V                              ; 0.064 V                              ; 4.51e-10 s                  ; 4.14e-10 s                  ; No                         ; Yes                        ; 2.62 V                      ; 2.7e-08 V                   ; 2.71 V             ; -0.0354 V          ; 0.148 V                             ; 0.064 V                             ; 4.51e-10 s                 ; 4.14e-10 s                 ; No                        ; Yes                       ;
; result[0]     ; 2.5 V        ; 0 s                 ; 0 s                 ; 2.62 V                       ; 2.7e-08 V                    ; 2.71 V              ; -0.0354 V           ; 0.148 V                              ; 0.064 V                              ; 4.51e-10 s                  ; 4.14e-10 s                  ; No                         ; Yes                        ; 2.62 V                      ; 2.7e-08 V                   ; 2.71 V             ; -0.0354 V          ; 0.148 V                             ; 0.064 V                             ; 4.51e-10 s                 ; 4.14e-10 s                 ; No                        ; Yes                       ;
; result[1]     ; 2.5 V        ; 0 s                 ; 0 s                 ; 2.62 V                       ; 2.7e-08 V                    ; 2.71 V              ; -0.0354 V           ; 0.148 V                              ; 0.064 V                              ; 4.51e-10 s                  ; 4.14e-10 s                  ; No                         ; Yes                        ; 2.62 V                      ; 2.7e-08 V                   ; 2.71 V             ; -0.0354 V          ; 0.148 V                             ; 0.064 V                             ; 4.51e-10 s                 ; 4.14e-10 s                 ; No                        ; Yes                       ;
; result[2]     ; 2.5 V        ; 0 s                 ; 0 s                 ; 2.62 V                       ; 2.7e-08 V                    ; 2.71 V              ; -0.0354 V           ; 0.148 V                              ; 0.064 V                              ; 4.51e-10 s                  ; 4.14e-10 s                  ; No                         ; Yes                        ; 2.62 V                      ; 2.7e-08 V                   ; 2.71 V             ; -0.0354 V          ; 0.148 V                             ; 0.064 V                             ; 4.51e-10 s                 ; 4.14e-10 s                 ; No                        ; Yes                       ;
; result[3]     ; 2.5 V        ; 0 s                 ; 0 s                 ; 2.62 V                       ; 2.7e-08 V                    ; 2.71 V              ; -0.0354 V           ; 0.148 V                              ; 0.064 V                              ; 4.51e-10 s                  ; 4.14e-10 s                  ; No                         ; Yes                        ; 2.62 V                      ; 2.7e-08 V                   ; 2.71 V             ; -0.0354 V          ; 0.148 V                             ; 0.064 V                             ; 4.51e-10 s                 ; 4.14e-10 s                 ; No                        ; Yes                       ;
; result[4]     ; 2.5 V        ; 0 s                 ; 0 s                 ; 2.62 V                       ; 2.7e-08 V                    ; 2.71 V              ; -0.0354 V           ; 0.148 V                              ; 0.064 V                              ; 4.51e-10 s                  ; 4.14e-10 s                  ; No                         ; Yes                        ; 2.62 V                      ; 2.7e-08 V                   ; 2.71 V             ; -0.0354 V          ; 0.148 V                             ; 0.064 V                             ; 4.51e-10 s                 ; 4.14e-10 s                 ; No                        ; Yes                       ;
; result[5]     ; 2.5 V        ; 0 s                 ; 0 s                 ; 2.62 V                       ; 2.7e-08 V                    ; 2.71 V              ; -0.0354 V           ; 0.148 V                              ; 0.064 V                              ; 4.51e-10 s                  ; 4.14e-10 s                  ; No                         ; Yes                        ; 2.62 V                      ; 2.7e-08 V                   ; 2.71 V             ; -0.0354 V          ; 0.148 V                             ; 0.064 V                             ; 4.51e-10 s                 ; 4.14e-10 s                 ; No                        ; Yes                       ;
; result[6]     ; 2.5 V        ; 0 s                 ; 0 s                 ; 2.62 V                       ; 2.7e-08 V                    ; 2.71 V              ; -0.0354 V           ; 0.148 V                              ; 0.064 V                              ; 4.51e-10 s                  ; 4.14e-10 s                  ; No                         ; Yes                        ; 2.62 V                      ; 2.7e-08 V                   ; 2.71 V             ; -0.0354 V          ; 0.148 V                             ; 0.064 V                             ; 4.51e-10 s                 ; 4.14e-10 s                 ; No                        ; Yes                       ;
; result[7]     ; 2.5 V        ; 0 s                 ; 0 s                 ; 2.62 V                       ; 4.02e-08 V                   ; 2.71 V              ; -0.0354 V           ; 0.174 V                              ; 0.098 V                              ; 2.73e-10 s                  ; 2.69e-10 s                  ; Yes                        ; Yes                        ; 2.62 V                      ; 4.02e-08 V                  ; 2.71 V             ; -0.0354 V          ; 0.174 V                             ; 0.098 V                             ; 2.73e-10 s                 ; 2.69e-10 s                 ; Yes                       ; Yes                       ;
; ~ALTERA_DCLK~ ; 2.5 V        ; 0 s                 ; 0 s                 ; 2.62 V                       ; 2.2e-08 V                    ; 2.74 V              ; -0.061 V            ; 0.159 V                              ; 0.078 V                              ; 2.7e-10 s                   ; 2.2e-10 s                   ; No                         ; Yes                        ; 2.62 V                      ; 2.2e-08 V                   ; 2.74 V             ; -0.061 V           ; 0.159 V                             ; 0.078 V                             ; 2.7e-10 s                  ; 2.2e-10 s                  ; No                        ; Yes                       ;
; ~ALTERA_nCEO~ ; 2.5 V        ; 0 s                 ; 0 s                 ; 2.62 V                       ; 3.52e-08 V                   ; 2.7 V               ; -0.0121 V           ; 0.274 V                              ; 0.034 V                              ; 3.18e-10 s                  ; 4.96e-10 s                  ; No                         ; Yes                        ; 2.62 V                      ; 3.52e-08 V                  ; 2.7 V              ; -0.0121 V          ; 0.274 V                             ; 0.034 V                             ; 3.18e-10 s                 ; 4.96e-10 s                 ; No                        ; Yes                       ;
+---------------+--------------+---------------------+---------------------+------------------------------+------------------------------+---------------------+---------------------+--------------------------------------+--------------------------------------+-----------------------------+-----------------------------+----------------------------+----------------------------+-----------------------------+-----------------------------+--------------------+--------------------+-------------------------------------+-------------------------------------+----------------------------+----------------------------+---------------------------+---------------------------+


-------------------
; Clock Transfers ;
-------------------
Nothing to report.


---------------
; Report TCCS ;
---------------
No dedicated SERDES Transmitter circuitry present in device or used in design


---------------
; Report RSKM ;
---------------
No dedicated SERDES Receiver circuitry present in device or used in design


+------------------------------------------------+
; Unconstrained Paths                            ;
+---------------------------------+-------+------+
; Property                        ; Setup ; Hold ;
+---------------------------------+-------+------+
; Illegal Clocks                  ; 0     ; 0    ;
; Unconstrained Clocks            ; 0     ; 0    ;
; Unconstrained Input Ports       ; 17    ; 17   ;
; Unconstrained Input Port Paths  ; 97    ; 97   ;
; Unconstrained Output Ports      ; 9     ; 9    ;
; Unconstrained Output Port Paths ; 97    ; 97   ;
+---------------------------------+-------+------+


+------------------------------------+
; TimeQuest Timing Analyzer Messages ;
+------------------------------------+
Info: *******************************************************************
Info: Running Quartus II 64-Bit TimeQuest Timing Analyzer
    Info: Version 13.0.1 Build 232 06/12/2013 Service Pack 1 SJ Web Edition
    Info: Processing started: Wed Jun 27 23:00:17 2018
Info: Command: quartus_sta somadores -c somadores
Info: qsta_default_script.tcl version: #1
Warning (20028): Parallel compilation is not licensed and has been disabled
Info (21076): High junction temperature operating condition is not set. Assuming a default value of '85'.
Info (21076): Low junction temperature operating condition is not set. Assuming a default value of '0'.
Critical Warning (332012): Synopsys Design Constraints File file not found: 'somadores.sdc'. A Synopsys Design Constraints File is required by the TimeQuest Timing Analyzer to get proper timing constraints. Without it, the Compiler will not properly optimize the design.
Info (332142): No user constrained base clocks found in the design. Calling "derive_clocks -period 1.0"
Info (332096): The command derive_clocks did not find any clocks to derive.  No clocks were created or changed.
Warning (332068): No clocks defined in design.
Info (332143): No user constrained clock uncertainty found in the design. Calling "derive_clock_uncertainty"
Info (332154): The derive_clock_uncertainty command did not apply clock uncertainty to any clock-to-clock transfers.
Info: Found TIMEQUEST_REPORT_SCRIPT_INCLUDE_DEFAULT_ANALYSIS = ON
Info (332159): No clocks to report
Info: Analyzing Slow 1200mV 85C Model
Info (332140): No fmax paths to report
Info (332140): No Setup paths to report
Info (332140): No Hold paths to report
Info (332140): No Recovery paths to report
Info (332140): No Removal paths to report
Info (332140): No Minimum Pulse Width paths to report
Info: Analyzing Slow 1200mV 0C Model
Info (334003): Started post-fitting delay annotation
Info (334004): Delay annotation completed successfully
Info (332142): No user constrained base clocks found in the design. Calling "derive_clocks -period 1.0"
Info (332096): The command derive_clocks did not find any clocks to derive.  No clocks were created or changed.
Warning (332068): No clocks defined in design.
Info (332154): The derive_clock_uncertainty command did not apply clock uncertainty to any clock-to-clock transfers.
Info (332140): No fmax paths to report
Info (332140): No Setup paths to report
Info (332140): No Hold paths to report
Info (332140): No Recovery paths to report
Info (332140): No Removal paths to report
Info (332140): No Minimum Pulse Width paths to report
Info: Analyzing Fast 1200mV 0C Model
Info (332142): No user constrained base clocks found in the design. Calling "derive_clocks -period 1.0"
Info (332096): The command derive_clocks did not find any clocks to derive.  No clocks were created or changed.
Warning (332068): No clocks defined in design.
Info (332154): The derive_clock_uncertainty command did not apply clock uncertainty to any clock-to-clock transfers.
Info (332140): No Setup paths to report
Info (332140): No Hold paths to report
Info (332140): No Recovery paths to report
Info (332140): No Removal paths to report
Info (332140): No Minimum Pulse Width paths to report
Info (332102): Design is not fully constrained for setup requirements
Info (332102): Design is not fully constrained for hold requirements
Info: Quartus II 64-Bit TimeQuest Timing Analyzer was successful. 0 errors, 5 warnings
    Info: Peak virtual memory: 4598 megabytes
    Info: Processing ended: Wed Jun 27 23:00:19 2018
    Info: Elapsed time: 00:00:02
    Info: Total CPU time (on all processors): 00:00:02


